Archive member included to satisfy reference by file (symbol)

c:/program files (x86)/atollic/truestudio for stm32 9.3.0/armtools/bin/../lib/gcc/arm-atollic-eabi/6.3.1/../../../../arm-atollic-eabi/lib/armv7e-m/fpu\libc.a(lib_a-errno.o)
                              Src\syscalls.o (__errno)
c:/program files (x86)/atollic/truestudio for stm32 9.3.0/armtools/bin/../lib/gcc/arm-atollic-eabi/6.3.1/../../../../arm-atollic-eabi/lib/armv7e-m/fpu\libc.a(lib_a-impure.o)
                              c:/program files (x86)/atollic/truestudio for stm32 9.3.0/armtools/bin/../lib/gcc/arm-atollic-eabi/6.3.1/../../../../arm-atollic-eabi/lib/armv7e-m/fpu\libc.a(lib_a-errno.o) (_impure_ptr)
c:/program files (x86)/atollic/truestudio for stm32 9.3.0/armtools/bin/../lib/gcc/arm-atollic-eabi/6.3.1/../../../../arm-atollic-eabi/lib/armv7e-m/fpu\libc.a(lib_a-init.o)
                              startup\startup_stm32l475xx.o (__libc_init_array)
c:/program files (x86)/atollic/truestudio for stm32 9.3.0/armtools/bin/../lib/gcc/arm-atollic-eabi/6.3.1/../../../../arm-atollic-eabi/lib/armv7e-m/fpu\libc.a(lib_a-memcpy-stub.o)
                              Middlewares\ST\BlueNRG-MS\hci\controller\bluenrg_gap_aci.o (memcpy)
c:/program files (x86)/atollic/truestudio for stm32 9.3.0/armtools/bin/../lib/gcc/arm-atollic-eabi/6.3.1/../../../../arm-atollic-eabi/lib/armv7e-m/fpu\libc.a(lib_a-memset.o)
                              Middlewares\ST\BlueNRG-MS\hci\controller\bluenrg_gap_aci.o (memset)
c:/program files (x86)/atollic/truestudio for stm32 9.3.0/armtools/bin/../lib/gcc/arm-atollic-eabi/6.3.1/../../../../arm-atollic-eabi/lib/armv7e-m/fpu\libc.a(lib_a-rand.o)
                              Src\app_x-cube-ble1.o (srand)
c:/program files (x86)/atollic/truestudio for stm32 9.3.0/armtools/bin/../lib/gcc/arm-atollic-eabi/6.3.1/../../../../arm-atollic-eabi/lib/armv7e-m/fpu\libc.a(lib_a-malloc.o)
                              c:/program files (x86)/atollic/truestudio for stm32 9.3.0/armtools/bin/../lib/gcc/arm-atollic-eabi/6.3.1/../../../../arm-atollic-eabi/lib/armv7e-m/fpu\libc.a(lib_a-rand.o) (malloc)
c:/program files (x86)/atollic/truestudio for stm32 9.3.0/armtools/bin/../lib/gcc/arm-atollic-eabi/6.3.1/../../../../arm-atollic-eabi/lib/armv7e-m/fpu\libc.a(lib_a-mallocr.o)
                              c:/program files (x86)/atollic/truestudio for stm32 9.3.0/armtools/bin/../lib/gcc/arm-atollic-eabi/6.3.1/../../../../arm-atollic-eabi/lib/armv7e-m/fpu\libc.a(lib_a-malloc.o) (_malloc_r)
c:/program files (x86)/atollic/truestudio for stm32 9.3.0/armtools/bin/../lib/gcc/arm-atollic-eabi/6.3.1/../../../../arm-atollic-eabi/lib/armv7e-m/fpu\libc.a(lib_a-mlock.o)
                              c:/program files (x86)/atollic/truestudio for stm32 9.3.0/armtools/bin/../lib/gcc/arm-atollic-eabi/6.3.1/../../../../arm-atollic-eabi/lib/armv7e-m/fpu\libc.a(lib_a-mallocr.o) (__malloc_lock)
c:/program files (x86)/atollic/truestudio for stm32 9.3.0/armtools/bin/../lib/gcc/arm-atollic-eabi/6.3.1/../../../../arm-atollic-eabi/lib/armv7e-m/fpu\libc.a(lib_a-sbrkr.o)
                              c:/program files (x86)/atollic/truestudio for stm32 9.3.0/armtools/bin/../lib/gcc/arm-atollic-eabi/6.3.1/../../../../arm-atollic-eabi/lib/armv7e-m/fpu\libc.a(lib_a-mallocr.o) (_sbrk_r)
c:/program files (x86)/atollic/truestudio for stm32 9.3.0/armtools/bin/../lib/gcc/arm-atollic-eabi/6.3.1/../../../../arm-atollic-eabi/lib/armv7e-m/fpu\libc.a(lib_a-freer.o)
                              c:/program files (x86)/atollic/truestudio for stm32 9.3.0/armtools/bin/../lib/gcc/arm-atollic-eabi/6.3.1/../../../../arm-atollic-eabi/lib/armv7e-m/fpu\libc.a(lib_a-malloc.o) (_free_r)
c:/program files (x86)/atollic/truestudio for stm32 9.3.0/armtools/bin/../lib/gcc/arm-atollic-eabi/6.3.1/../../../../arm-atollic-eabi/lib/armv7e-m/fpu\libc.a(lib_a-lock.o)
                              c:/program files (x86)/atollic/truestudio for stm32 9.3.0/armtools/bin/../lib/gcc/arm-atollic-eabi/6.3.1/../../../../arm-atollic-eabi/lib/armv7e-m/fpu\libc.a(lib_a-mlock.o) (__retarget_lock_acquire_recursive)
c:/program files (x86)/atollic/truestudio for stm32 9.3.0/armtools/bin/../lib/gcc/arm-atollic-eabi/6.3.1/../../../../arm-atollic-eabi/lib/armv7e-m/fpu\libc.a(lib_a-reent.o)
                              c:/program files (x86)/atollic/truestudio for stm32 9.3.0/armtools/bin/../lib/gcc/arm-atollic-eabi/6.3.1/../../../../arm-atollic-eabi/lib/armv7e-m/fpu\libc.a(lib_a-sbrkr.o) (errno)
c:/program files (x86)/atollic/truestudio for stm32 9.3.0/armtools/bin/../lib/gcc/arm-atollic-eabi/6.3.1/armv7e-m/fpu\libgcc.a(_arm_addsubdf3.o)
                              Src\app_x-cube-ble1.o (__aeabi_dadd)
c:/program files (x86)/atollic/truestudio for stm32 9.3.0/armtools/bin/../lib/gcc/arm-atollic-eabi/6.3.1/armv7e-m/fpu\libgcc.a(_arm_truncdfsf2.o)
                              Src\app_x-cube-ble1.o (__aeabi_d2f)
[...]
Memory Configuration

Name             Origin             Length             Attributes
RAM              0x20000000         0x00018000         xrw
RAM2             0x10000000         0x00008000         xrw
FLASH            0x08000000         0x00100000         xr
*default*        0x00000000         0xffffffff

Linker script and memory map

LOAD c:/program files (x86)/atollic/truestudio for stm32 9.3.0/armtools/bin/../lib/gcc/arm-atollic-eabi/6.3.1/armv7e-m/fpu/crti.o
LOAD c:/program files (x86)/atollic/truestudio for stm32 9.3.0/armtools/bin/../lib/gcc/arm-atollic-eabi/6.3.1/armv7e-m/fpu/crtbegin.o
LOAD Drivers\BSP\CUSTOM\b_l475e_iot01a1.o
LOAD Drivers\STM32L4xx_HAL_Driver\Src\stm32l4xx_hal.o
LOAD Drivers\STM32L4xx_HAL_Driver\Src\stm32l4xx_hal_cortex.o
LOAD Drivers\STM32L4xx_HAL_Driver\Src\stm32l4xx_hal_dfsdm.o
LOAD Drivers\STM32L4xx_HAL_Driver\Src\stm32l4xx_hal_dma.o
LOAD Drivers\STM32L4xx_HAL_Driver\Src\stm32l4xx_hal_dma_ex.o
LOAD Drivers\STM32L4xx_HAL_Driver\Src\stm32l4xx_hal_exti.o
LOAD Drivers\STM32L4xx_HAL_Driver\Src\stm32l4xx_hal_flash.o
LOAD Drivers\STM32L4xx_HAL_Driver\Src\stm32l4xx_hal_flash_ex.o
LOAD Drivers\STM32L4xx_HAL_Driver\Src\stm32l4xx_hal_flash_ramfunc.o
LOAD Drivers\STM32L4xx_HAL_Driver\Src\stm32l4xx_hal_gpio.o
LOAD Drivers\STM32L4xx_HAL_Driver\Src\stm32l4xx_hal_i2c.o
LOAD Drivers\STM32L4xx_HAL_Driver\Src\stm32l4xx_hal_i2c_ex.o
LOAD Drivers\STM32L4xx_HAL_Driver\Src\stm32l4xx_hal_pcd.o
LOAD Drivers\STM32L4xx_HAL_Driver\Src\stm32l4xx_hal_pcd_ex.o
LOAD Drivers\STM32L4xx_HAL_Driver\Src\stm32l4xx_hal_pwr.o
LOAD Drivers\STM32L4xx_HAL_Driver\Src\stm32l4xx_hal_pwr_ex.o
LOAD Drivers\STM32L4xx_HAL_Driver\Src\stm32l4xx_hal_qspi.o
LOAD Drivers\STM32L4xx_HAL_Driver\Src\stm32l4xx_hal_rcc.o
LOAD Drivers\STM32L4xx_HAL_Driver\Src\stm32l4xx_hal_rcc_ex.o
LOAD Drivers\STM32L4xx_HAL_Driver\Src\stm32l4xx_hal_spi.o
LOAD Drivers\STM32L4xx_HAL_Driver\Src\stm32l4xx_hal_spi_ex.o
LOAD Drivers\STM32L4xx_HAL_Driver\Src\stm32l4xx_hal_tim.o
LOAD Drivers\STM32L4xx_HAL_Driver\Src\stm32l4xx_hal_tim_ex.o
LOAD Drivers\STM32L4xx_HAL_Driver\Src\stm32l4xx_hal_uart.o
LOAD Drivers\STM32L4xx_HAL_Driver\Src\stm32l4xx_hal_uart_ex.o
LOAD Drivers\STM32L4xx_HAL_Driver\Src\stm32l4xx_ll_usb.o
LOAD Middlewares\ST\BlueNRG-MS\hci\controller\bluenrg_gap_aci.o
LOAD Middlewares\ST\BlueNRG-MS\hci\controller\bluenrg_gatt_aci.o
LOAD Middlewares\ST\BlueNRG-MS\hci\controller\bluenrg_hal_aci.o
LOAD Middlewares\ST\BlueNRG-MS\hci\controller\bluenrg_l2cap_aci.o
LOAD Middlewares\ST\BlueNRG-MS\hci\controller\bluenrg_updater_aci.o
LOAD Middlewares\ST\BlueNRG-MS\hci\controller\bluenrg_utils_small.o
LOAD Middlewares\ST\BlueNRG-MS\hci\hci_le.o
LOAD Middlewares\ST\BlueNRG-MS\hci\hci_tl_patterns\Basic\hci_tl.o
LOAD Middlewares\ST\BlueNRG-MS\utils\ble_list.o
LOAD Src\app_x-cube-ble1.o
LOAD Src\b_l475e_iot01a1_bus.o
LOAD Src\gatt_db.o
LOAD Src\hci_tl_interface.o
LOAD Src\main.o
LOAD Src\sensor.o
LOAD Src\stm32l4xx_hal_msp.o
LOAD Src\stm32l4xx_it.o
LOAD Src\syscalls.o
LOAD Src\system_stm32l4xx.o
LOAD startup\startup_stm32l475xx.o
                0x00000080                malloc_getpagesize_P = 0x80
START GROUP
LOAD c:/program files (x86)/atollic/truestudio for stm32 9.3.0/armtools/bin/../lib/gcc/arm-atollic-eabi/6.3.1/../../../../arm-atollic-eabi/lib/armv7e-m/fpu\libc.a
LOAD c:/program files (x86)/atollic/truestudio for stm32 9.3.0/armtools/bin/../lib/gcc/arm-atollic-eabi/6.3.1/../../../../arm-atollic-eabi/lib/armv7e-m/fpu\libm.a
END GROUP
START GROUP
LOAD c:/program files (x86)/atollic/truestudio for stm32 9.3.0/armtools/bin/../lib/gcc/arm-atollic-eabi/6.3.1/armv7e-m/fpu\libgcc.a
LOAD c:/program files (x86)/atollic/truestudio for stm32 9.3.0/armtools/bin/../lib/gcc/arm-atollic-eabi/6.3.1/../../../../arm-atollic-eabi/lib/armv7e-m/fpu\libc.a
END GROUP
START GROUP
LOAD c:/program files (x86)/atollic/truestudio for stm32 9.3.0/armtools/bin/../lib/gcc/arm-atollic-eabi/6.3.1/armv7e-m/fpu\libgcc.a
LOAD c:/program files (x86)/atollic/truestudio for stm32 9.3.0/armtools/bin/../lib/gcc/arm-atollic-eabi/6.3.1/../../../../arm-atollic-eabi/lib/armv7e-m/fpu\libc.a
LOAD c:/program files (x86)/atollic/truestudio for stm32 9.3.0/armtools/bin/../lib/gcc/arm-atollic-eabi/6.3.1/../../../../arm-atollic-eabi/lib/armv7e-m/fpu\libnosys.a
END GROUP
LOAD c:/program files (x86)/atollic/truestudio for stm32 9.3.0/armtools/bin/../lib/gcc/arm-atollic-eabi/6.3.1/armv7e-m/fpu/crtend.o
LOAD c:/program files (x86)/atollic/truestudio for stm32 9.3.0/armtools/bin/../lib/gcc/arm-atollic-eabi/6.3.1/armv7e-m/fpu/crtn.o
                0x20018000                _estack = 0x20018000
                0x00000200                _Min_Heap_Size = 0x200
                0x00000400                _Min_Stack_Size = 0x400

.isr_vector     0x08000000      0x188
                0x08000000                . = ALIGN (0x4)
 *(.isr_vector)
 .isr_vector    0x08000000      0x188 startup\startup_stm32l475xx.o
                0x08000000                g_pfnVectors
                0x08000188                . = ALIGN (0x4)

.text           0x08000188     0x5720
                0x08000188                . = ALIGN (0x4)
 *(.text)
 .text          0x08000188       0x40 c:/program files (x86)/atollic/truestudio for stm32 9.3.0/armtools/bin/../lib/gcc/arm-atollic-eabi/6.3.1/armv7e-m/fpu/crtbegin.o
 .text          0x080001c8      0x370 c:/program files (x86)/atollic/truestudio for stm32 9.3.0/armtools/bin/../lib/gcc/arm-atollic-eabi/6.3.1/armv7e-m/fpu\libgcc.a(_arm_addsubdf3.o)
                0x080001c8                __aeabi_drsub
                0x080001d0                __aeabi_dsub
                0x080001d0                __subdf3
                0x080001d4                __aeabi_dadd
                0x080001d4                __adddf3
                0x0800044c                __floatunsidf
                0x0800044c                __aeabi_ui2d
                0x0800046c                __floatsidf
                0x0800046c                __aeabi_i2d
                0x08000490                __aeabi_f2d
                0x08000490                __extendsfdf2
                0x080004cc                __floatundidf
                0x080004cc                __aeabi_ul2d
                0x080004dc                __floatdidf
                0x080004dc                __aeabi_l2d
 .text          0x08000538       0xa0 c:/program files (x86)/atollic/truestudio for stm32 9.3.0/armtools/bin/../lib/gcc/arm-atollic-eabi/6.3.1/armv7e-m/fpu\libgcc.a(_arm_truncdfsf2.o)
                0x08000538                __truncdfsf2
                0x08000538                __aeabi_d2f
 .text          0x080005d8       0x30 c:/program files (x86)/atollic/truestudio for stm32 9.3.0/armtools/bin/../lib/gcc/arm-atollic-eabi/6.3.1/armv7e-m/fpu\libgcc.a(_aeabi_uldivmod.o)
                0x080005d8                __aeabi_uldivmod
 .text          0x08000608      0x2dc c:/program files (x86)/atollic/truestudio for stm32 9.3.0/armtools/bin/../lib/gcc/arm-atollic-eabi/6.3.1/armv7e-m/fpu\libgcc.a(_udivmoddi4.o)
                0x08000608                __udivmoddi4
 .text          0x080008e4        0x4 c:/program files (x86)/atollic/truestudio for stm32 9.3.0/armtools/bin/../lib/gcc/arm-atollic-eabi/6.3.1/armv7e-m/fpu\libgcc.a(_dvmd_tls.o)
                0x080008e4                __aeabi_idiv0
                0x080008e4                __aeabi_ldiv0
 *(.text*)
 .text.BSP_LED_Init
                0x080008e8       0x4c Drivers\BSP\CUSTOM\b_l475e_iot01a1.o
                0x080008e8                BSP_LED_Init
 .text.BSP_LED_Toggle
                0x08000934       0x14 Drivers\BSP\CUSTOM\b_l475e_iot01a1.o
                0x08000934                BSP_LED_Toggle
 .text.BSP_PB_Init
                0x08000948       0x98 Drivers\BSP\CUSTOM\b_l475e_iot01a1.o
                0x08000948                BSP_PB_Init
 .text.BSP_PB_GetState
                0x080009e0       0x18 Drivers\BSP\CUSTOM\b_l475e_iot01a1.o
                0x080009e0                BSP_PB_GetState
 .text.BUTTON_USER_EXTI_Callback
                0x080009f8        0xa Drivers\BSP\CUSTOM\b_l475e_iot01a1.o
 *fill*         0x08000a02        0x2 
 .text.MX_USART1_UART_Init
                0x08000a04       0x30 Drivers\BSP\CUSTOM\b_l475e_iot01a1.o
                0x08000a04                MX_USART1_UART_Init
 .text.BSP_COM_Init
                0x08000a34       0x84 Drivers\BSP\CUSTOM\b_l475e_iot01a1.o
                0x08000a34                BSP_COM_Init
 .text.HAL_InitTick
                0x08000ab8       0x4c Drivers\STM32L4xx_HAL_Driver\Src\stm32l4xx_hal.o
                0x08000ab8                HAL_InitTick
 .text.HAL_Init
                0x08000b04       0x1e Drivers\STM32L4xx_HAL_Driver\Src\stm32l4xx_hal.o
                0x08000b04                HAL_Init
 *fill*         0x08000b22        0x2 
 .text.HAL_IncTick
                0x08000b24       0x18 Drivers\STM32L4xx_HAL_Driver\Src\stm32l4xx_hal.o
                0x08000b24                HAL_IncTick
 .text.HAL_GetTick
                0x08000b3c        0xc Drivers\STM32L4xx_HAL_Driver\Src\stm32l4xx_hal.o
                0x08000b3c                HAL_GetTick
 .text.HAL_Delay
                0x08000b48       0x28 Drivers\STM32L4xx_HAL_Driver\Src\stm32l4xx_hal.o
                0x08000b48                HAL_Delay
 .text.HAL_NVIC_SetPriorityGrouping
                0x08000b70       0x24 Drivers\STM32L4xx_HAL_Driver\Src\stm32l4xx_hal_cortex.o
                0x08000b70                HAL_NVIC_SetPriorityGrouping
 .text.HAL_NVIC_SetPriority
                0x08000b94       0x68 Drivers\STM32L4xx_HAL_Driver\Src\stm32l4xx_hal_cortex.o
                0x08000b94                HAL_NVIC_SetPriority
 .text.HAL_NVIC_EnableIRQ
                0x08000bfc       0x1c Drivers\STM32L4xx_HAL_Driver\Src\stm32l4xx_hal_cortex.o
                0x08000bfc                HAL_NVIC_EnableIRQ
 .text.HAL_SYSTICK_Config
                0x08000c18       0x2c Drivers\STM32L4xx_HAL_Driver\Src\stm32l4xx_hal_cortex.o
                0x08000c18                HAL_SYSTICK_Config
 .text.DFSDM_GetChannelFromInstance
                0x08000c44       0x58 Drivers\STM32L4xx_HAL_Driver\Src\stm32l4xx_hal_dfsdm.o
 .text.HAL_DFSDM_ChannelInit
                0x08000c9c       0xe8 Drivers\STM32L4xx_HAL_Driver\Src\stm32l4xx_hal_dfsdm.o
                0x08000c9c                HAL_DFSDM_ChannelInit
 .text.HAL_EXTI_RegisterCallback
                0x08000d84        0xc Drivers\STM32L4xx_HAL_Driver\Src\stm32l4xx_hal_exti.o
                0x08000d84                HAL_EXTI_RegisterCallback
 .text.HAL_EXTI_GetHandle
                0x08000d90        0xc Drivers\STM32L4xx_HAL_Driver\Src\stm32l4xx_hal_exti.o
                0x08000d90                HAL_EXTI_GetHandle
 .text.HAL_EXTI_IRQHandler
                0x08000d9c       0x30 Drivers\STM32L4xx_HAL_Driver\Src\stm32l4xx_hal_exti.o
                0x08000d9c                HAL_EXTI_IRQHandler
 .text.HAL_GPIO_Init
                0x08000dcc      0x1b8 Drivers\STM32L4xx_HAL_Driver\Src\stm32l4xx_hal_gpio.o
                0x08000dcc                HAL_GPIO_Init
 .text.HAL_GPIO_DeInit
                0x08000f84      0x114 Drivers\STM32L4xx_HAL_Driver\Src\stm32l4xx_hal_gpio.o
                0x08000f84                HAL_GPIO_DeInit
 .text.HAL_GPIO_ReadPin
                0x08001098        0xc Drivers\STM32L4xx_HAL_Driver\Src\stm32l4xx_hal_gpio.o
                0x08001098                HAL_GPIO_ReadPin
 .text.HAL_GPIO_WritePin
                0x080010a4        0xa Drivers\STM32L4xx_HAL_Driver\Src\stm32l4xx_hal_gpio.o
                0x080010a4                HAL_GPIO_WritePin
 .text.HAL_GPIO_TogglePin
                0x080010ae        0xc Drivers\STM32L4xx_HAL_Driver\Src\stm32l4xx_hal_gpio.o
                0x080010ae                HAL_GPIO_TogglePin
 .text.HAL_GPIO_EXTI_Callback
                0x080010ba        0x2 Drivers\STM32L4xx_HAL_Driver\Src\stm32l4xx_hal_gpio.o
                0x080010ba                HAL_GPIO_EXTI_Callback
 .text.HAL_GPIO_EXTI_IRQHandler
                0x080010bc       0x18 Drivers\STM32L4xx_HAL_Driver\Src\stm32l4xx_hal_gpio.o
                0x080010bc                HAL_GPIO_EXTI_IRQHandler
 .text.HAL_I2C_Init
                0x080010d4       0xa2 Drivers\STM32L4xx_HAL_Driver\Src\stm32l4xx_hal_i2c.o
                0x080010d4                HAL_I2C_Init
 .text.HAL_I2CEx_ConfigAnalogFilter
                0x08001176       0x4c Drivers\STM32L4xx_HAL_Driver\Src\stm32l4xx_hal_i2c_ex.o
                0x08001176                HAL_I2CEx_ConfigAnalogFilter
 .text.HAL_I2CEx_ConfigDigitalFilter
                0x080011c2       0x4a Drivers\STM32L4xx_HAL_Driver\Src\stm32l4xx_hal_i2c_ex.o
                0x080011c2                HAL_I2CEx_ConfigDigitalFilter
 .text.HAL_PCD_Init
                0x0800120c      0x11a Drivers\STM32L4xx_HAL_Driver\Src\stm32l4xx_hal_pcd.o
                0x0800120c                HAL_PCD_Init
 .text.HAL_PCDEx_ActivateLPM
                0x08001326       0x26 Drivers\STM32L4xx_HAL_Driver\Src\stm32l4xx_hal_pcd_ex.o
                0x08001326                HAL_PCDEx_ActivateLPM
 .text.HAL_PWR_EnableBkUpAccess
                0x0800134c       0x10 Drivers\STM32L4xx_HAL_Driver\Src\stm32l4xx_hal_pwr.o
                0x0800134c                HAL_PWR_EnableBkUpAccess
 .text.HAL_PWREx_GetVoltageRange
                0x0800135c       0x10 Drivers\STM32L4xx_HAL_Driver\Src\stm32l4xx_hal_pwr_ex.o
                0x0800135c                HAL_PWREx_GetVoltageRange
 .text.HAL_PWREx_ControlVoltageScaling
                0x0800136c       0x6c Drivers\STM32L4xx_HAL_Driver\Src\stm32l4xx_hal_pwr_ex.o
                0x0800136c                HAL_PWREx_ControlVoltageScaling
 .text.HAL_PWREx_EnableVddUSB
                0x080013d8       0x10 Drivers\STM32L4xx_HAL_Driver\Src\stm32l4xx_hal_pwr_ex.o
                0x080013d8                HAL_PWREx_EnableVddUSB
 .text.QSPI_WaitFlagStateUntilTimeout
                0x080013e8       0x4c Drivers\STM32L4xx_HAL_Driver\Src\stm32l4xx_hal_qspi.o
 .text.HAL_QSPI_Init
                0x08001434       0xb0 Drivers\STM32L4xx_HAL_Driver\Src\stm32l4xx_hal_qspi.o
                0x08001434                HAL_QSPI_Init
 .text.RCC_SetFlashLatencyFromMSIRange
                0x080014e4       0x84 Drivers\STM32L4xx_HAL_Driver\Src\stm32l4xx_hal_rcc.o
 .text.HAL_RCC_GetSysClockFreq
                0x08001568       0x9c Drivers\STM32L4xx_HAL_Driver\Src\stm32l4xx_hal_rcc.o
                0x08001568                HAL_RCC_GetSysClockFreq
 .text.HAL_RCC_OscConfig
                0x08001604      0x4c4 Drivers\STM32L4xx_HAL_Driver\Src\stm32l4xx_hal_rcc.o
                0x08001604                HAL_RCC_OscConfig
 .text.HAL_RCC_ClockConfig
                0x08001ac8      0x12c Drivers\STM32L4xx_HAL_Driver\Src\stm32l4xx_hal_rcc.o
                0x08001ac8                HAL_RCC_ClockConfig
 .text.HAL_RCC_GetPCLK1Freq
                0x08001bf4       0x24 Drivers\STM32L4xx_HAL_Driver\Src\stm32l4xx_hal_rcc.o
                0x08001bf4                HAL_RCC_GetPCLK1Freq
 .text.HAL_RCC_GetPCLK2Freq
                0x08001c18       0x24 Drivers\STM32L4xx_HAL_Driver\Src\stm32l4xx_hal_rcc.o
                0x08001c18                HAL_RCC_GetPCLK2Freq
 .text.RCCEx_PLLSAI1_Config
                0x08001c3c      0x11c Drivers\STM32L4xx_HAL_Driver\Src\stm32l4xx_hal_rcc_ex.o
 .text.RCCEx_PLLSAI2_Config
                0x08001d58       0xfc Drivers\STM32L4xx_HAL_Driver\Src\stm32l4xx_hal_rcc_ex.o
 .text.HAL_RCCEx_PeriphCLKConfig
                0x08001e54      0x3d0 Drivers\STM32L4xx_HAL_Driver\Src\stm32l4xx_hal_rcc_ex.o
                0x08001e54                HAL_RCCEx_PeriphCLKConfig
 .text.HAL_RCCEx_EnableMSIPLLMode
                0x08002224       0x10 Drivers\STM32L4xx_HAL_Driver\Src\stm32l4xx_hal_rcc_ex.o
                0x08002224                HAL_RCCEx_EnableMSIPLLMode
 .text.SPI_WaitFifoStateUntilTimeout.part.1
                0x08002234       0x50 Drivers\STM32L4xx_HAL_Driver\Src\stm32l4xx_hal_spi.o
 .text.SPI_WaitFlagStateUntilTimeout.constprop.10
                0x08002284       0x2c Drivers\STM32L4xx_HAL_Driver\Src\stm32l4xx_hal_spi.o
 .text.SPI_WaitFifoStateUntilTimeout.constprop.11
                0x080022b0       0x34 Drivers\STM32L4xx_HAL_Driver\Src\stm32l4xx_hal_spi.o
 .text.SPI_EndRxTxTransaction
                0x080022e4       0x44 Drivers\STM32L4xx_HAL_Driver\Src\stm32l4xx_hal_spi.o
 .text.HAL_SPI_MspInit
                0x08002328        0x2 Drivers\STM32L4xx_HAL_Driver\Src\stm32l4xx_hal_spi.o
                0x08002328                HAL_SPI_MspInit
 .text.HAL_SPI_Init
                0x0800232a       0xa2 Drivers\STM32L4xx_HAL_Driver\Src\stm32l4xx_hal_spi.o
                0x0800232a                HAL_SPI_Init
 .text.HAL_SPI_TransmitReceive
                0x080023cc      0x248 Drivers\STM32L4xx_HAL_Driver\Src\stm32l4xx_hal_spi.o
                0x080023cc                HAL_SPI_TransmitReceive
 .text.HAL_SPI_GetState
                0x08002614        0x6 Drivers\STM32L4xx_HAL_Driver\Src\stm32l4xx_hal_spi.o
                0x08002614                HAL_SPI_GetState
 *fill*         0x0800261a        0x2 
 .text.UART_SetConfig
                0x0800261c      0x330 Drivers\STM32L4xx_HAL_Driver\Src\stm32l4xx_hal_uart.o
                0x0800261c                UART_SetConfig
 .text.UART_AdvFeatureConfig
                0x0800294c       0xa8 Drivers\STM32L4xx_HAL_Driver\Src\stm32l4xx_hal_uart.o
                0x0800294c                UART_AdvFeatureConfig
 .text.UART_WaitOnFlagUntilTimeout
                0x080029f4       0x5e Drivers\STM32L4xx_HAL_Driver\Src\stm32l4xx_hal_uart.o
                0x080029f4                UART_WaitOnFlagUntilTimeout
 .text.UART_CheckIdleState
                0x08002a52       0x60 Drivers\STM32L4xx_HAL_Driver\Src\stm32l4xx_hal_uart.o
                0x08002a52                UART_CheckIdleState
 .text.HAL_UART_Init
                0x08002ab2       0x5c Drivers\STM32L4xx_HAL_Driver\Src\stm32l4xx_hal_uart.o
                0x08002ab2                HAL_UART_Init
 *fill*         0x08002b0e        0x2 
 .text.USB_CoreReset
                0x08002b10       0x30 Drivers\STM32L4xx_HAL_Driver\Src\stm32l4xx_ll_usb.o
 .text.USB_CoreInit
                0x08002b40       0x6e Drivers\STM32L4xx_HAL_Driver\Src\stm32l4xx_ll_usb.o
                0x08002b40                USB_CoreInit
 .text.USB_DisableGlobalInt
                0x08002bae        0xc Drivers\STM32L4xx_HAL_Driver\Src\stm32l4xx_ll_usb.o
                0x08002bae                USB_DisableGlobalInt
 .text.USB_SetCurrentMode
                0x08002bba       0x2e Drivers\STM32L4xx_HAL_Driver\Src\stm32l4xx_ll_usb.o
                0x08002bba                USB_SetCurrentMode
 .text.USB_FlushTxFifo
                0x08002be8       0x24 Drivers\STM32L4xx_HAL_Driver\Src\stm32l4xx_ll_usb.o
                0x08002be8                USB_FlushTxFifo
 .text.USB_FlushRxFifo
                0x08002c0c       0x20 Drivers\STM32L4xx_HAL_Driver\Src\stm32l4xx_ll_usb.o
                0x08002c0c                USB_FlushRxFifo
 .text.USB_SetDevSpeed
                0x08002c2c        0xe Drivers\STM32L4xx_HAL_Driver\Src\stm32l4xx_ll_usb.o
                0x08002c2c                USB_SetDevSpeed
 *fill*         0x08002c3a        0x2 
 .text.USB_DevInit
                0x08002c3c      0x150 Drivers\STM32L4xx_HAL_Driver\Src\stm32l4xx_ll_usb.o
                0x08002c3c                USB_DevInit
 .text.USB_DevDisconnect
                0x08002d8c       0x18 Drivers\STM32L4xx_HAL_Driver\Src\stm32l4xx_ll_usb.o
                0x08002d8c                USB_DevDisconnect
 .text.aci_gap_init_IDB05A1
                0x08002da4       0x7c Middlewares\ST\BlueNRG-MS\hci\controller\bluenrg_gap_aci.o
                0x08002da4                aci_gap_init_IDB05A1
 .text.aci_gap_init_IDB04A1
                0x08002e20       0x7a Middlewares\ST\BlueNRG-MS\hci\controller\bluenrg_gap_aci.o
                0x08002e20                aci_gap_init_IDB04A1
 .text.aci_gap_set_discoverable
                0x08002e9a       0xba Middlewares\ST\BlueNRG-MS\hci\controller\bluenrg_gap_aci.o
                0x08002e9a                aci_gap_set_discoverable
 .text.aci_gap_set_auth_requirement
                0x08002f54       0x80 Middlewares\ST\BlueNRG-MS\hci\controller\bluenrg_gap_aci.o
                0x08002f54                aci_gap_set_auth_requirement
 .text.aci_gap_update_adv_data
                0x08002fd4       0x5e Middlewares\ST\BlueNRG-MS\hci\controller\bluenrg_gap_aci.o
                0x08002fd4                aci_gap_update_adv_data
 .text.aci_gatt_init
                0x08003032       0x3e Middlewares\ST\BlueNRG-MS\hci\controller\bluenrg_gatt_aci.o
                0x08003032                aci_gatt_init
 .text.aci_gatt_add_serv
                0x08003070       0x86 Middlewares\ST\BlueNRG-MS\hci\controller\bluenrg_gatt_aci.o
                0x08003070                aci_gatt_add_serv
 .text.aci_gatt_add_char
                0x080030f6       0xbc Middlewares\ST\BlueNRG-MS\hci\controller\bluenrg_gatt_aci.o
                0x080030f6                aci_gatt_add_char
 .text.aci_gatt_update_char_value
                0x080031b2       0x6e Middlewares\ST\BlueNRG-MS\hci\controller\bluenrg_gatt_aci.o
                0x080031b2                aci_gatt_update_char_value
 .text.aci_gatt_allow_read
                0x08003220       0x4a Middlewares\ST\BlueNRG-MS\hci\controller\bluenrg_gatt_aci.o
                0x08003220                aci_gatt_allow_read
 .text.aci_hal_write_config_data
                0x0800326a       0x64 Middlewares\ST\BlueNRG-MS\hci\controller\bluenrg_hal_aci.o
                0x0800326a                aci_hal_write_config_data
 .text.aci_hal_set_tx_power_level
                0x080032ce       0x4c Middlewares\ST\BlueNRG-MS\hci\controller\bluenrg_hal_aci.o
                0x080032ce                aci_hal_set_tx_power_level
 .text.getBlueNRGVersion
                0x0800331a       0x42 Middlewares\ST\BlueNRG-MS\hci\controller\bluenrg_utils_small.o
                0x0800331a                getBlueNRGVersion
 .text.hci_reset
                0x0800335c       0x3a Middlewares\ST\BlueNRG-MS\hci\hci_le.o
                0x0800335c                hci_reset
 .text.hci_le_read_local_version
                0x08003396       0x80 Middlewares\ST\BlueNRG-MS\hci\hci_le.o
                0x08003396                hci_le_read_local_version
 .text.hci_le_set_scan_resp_data
                0x08003416       0x66 Middlewares\ST\BlueNRG-MS\hci\hci_le.o
                0x08003416                hci_le_set_scan_resp_data
 .text.move_list.constprop.0
                0x0800347c       0x28 Middlewares\ST\BlueNRG-MS\hci\hci_tl_patterns\Basic\hci_tl.o
 .text.hci_init
                0x080034a4       0x54 Middlewares\ST\BlueNRG-MS\hci\hci_tl_patterns\Basic\hci_tl.o
                0x080034a4                hci_init
 .text.hci_register_io_bus
                0x080034f8       0x1c Middlewares\ST\BlueNRG-MS\hci\hci_tl_patterns\Basic\hci_tl.o
                0x080034f8                hci_register_io_bus
 .text.hci_send_req
                0x08003514      0x180 Middlewares\ST\BlueNRG-MS\hci\hci_tl_patterns\Basic\hci_tl.o
                0x08003514                hci_send_req
 .text.hci_user_evt_proc
                0x08003694       0x40 Middlewares\ST\BlueNRG-MS\hci\hci_tl_patterns\Basic\hci_tl.o
                0x08003694                hci_user_evt_proc
 .text.hci_notify_asynch_evt
                0x080036d4       0x60 Middlewares\ST\BlueNRG-MS\hci\hci_tl_patterns\Basic\hci_tl.o
                0x080036d4                hci_notify_asynch_evt
 .text.list_init_head
                0x08003734        0x6 Middlewares\ST\BlueNRG-MS\utils\ble_list.o
                0x08003734                list_init_head
 .text.list_is_empty
                0x0800373a       0x14 Middlewares\ST\BlueNRG-MS\utils\ble_list.o
                0x0800373a                list_is_empty
 .text.list_insert_head
                0x0800374e       0x18 Middlewares\ST\BlueNRG-MS\utils\ble_list.o
                0x0800374e                list_insert_head
 .text.list_insert_tail
                0x08003766       0x18 Middlewares\ST\BlueNRG-MS\utils\ble_list.o
                0x08003766                list_insert_tail
 .text.list_remove_node
                0x0800377e       0x16 Middlewares\ST\BlueNRG-MS\utils\ble_list.o
                0x0800377e                list_remove_node
 .text.list_remove_head
                0x08003794       0x24 Middlewares\ST\BlueNRG-MS\utils\ble_list.o
                0x08003794                list_remove_head
 .text.list_remove_tail
                0x080037b8       0x24 Middlewares\ST\BlueNRG-MS\utils\ble_list.o
                0x080037b8                list_remove_tail
 .text.list_get_size
                0x080037dc       0x1c Middlewares\ST\BlueNRG-MS\utils\ble_list.o
                0x080037dc                list_get_size
 .text.MX_BlueNRG_MS_Init
                0x080037f8      0x114 Src\app_x-cube-ble1.o
                0x080037f8                MX_BlueNRG_MS_Init
 .text.MX_BlueNRG_MS_Process
                0x0800390c      0x680 Src\app_x-cube-ble1.o
                0x0800390c                MX_BlueNRG_MS_Process
 .text.BSP_PB_Callback
                0x08003f8c        0xc Src\app_x-cube-ble1.o
                0x08003f8c                BSP_PB_Callback
 .text.BSP_SPI3_SendRecv
                0x08003f98       0x28 Src\b_l475e_iot01a1_bus.o
                0x08003f98                BSP_SPI3_SendRecv
 .text.BSP_GetTick
                0x08003fc0        0x4 Src\b_l475e_iot01a1_bus.o
                0x08003fc0                BSP_GetTick
 .text.MX_SPI3_Init
                0x08003fc4       0x44 Src\b_l475e_iot01a1_bus.o
                0x08003fc4                MX_SPI3_Init
 .text.BSP_SPI3_Init
                0x08004008       0x8c Src\b_l475e_iot01a1_bus.o
                0x08004008                BSP_SPI3_Init
 .text.Add_HWServW2ST_Service
                0x08004094      0x144 Src\gatt_db.o
                0x08004094                Add_HWServW2ST_Service
 .text.Add_SWServW2ST_Service
                0x080041d8       0xc4 Src\gatt_db.o
                0x080041d8                Add_SWServW2ST_Service
 .text.Acc_Update
                0x0800429c       0xb8 Src\gatt_db.o
                0x0800429c                Acc_Update
 .text.Quat_Update
                0x08004354       0x64 Src\gatt_db.o
                0x08004354                Quat_Update
 .text.BlueMS_Environmental_Update
                0x080043b8       0x64 Src\gatt_db.o
                0x080043b8                BlueMS_Environmental_Update
 .text.Read_Request_CB
                0x0800441c       0xdc Src\gatt_db.o
                0x0800441c                Read_Request_CB
 .text.HCI_TL_SPI_Init
                0x080044f8       0x70 Src\hci_tl_interface.o
                0x080044f8                HCI_TL_SPI_Init
 .text.HCI_TL_SPI_DeInit
                0x08004568       0x2c Src\hci_tl_interface.o
                0x08004568                HCI_TL_SPI_DeInit
 .text.HCI_TL_SPI_Reset
                0x08004594       0x2e Src\hci_tl_interface.o
                0x08004594                HCI_TL_SPI_Reset
 *fill*         0x080045c2        0x2 
 .text.HCI_TL_SPI_Receive
                0x080045c4       0x94 Src\hci_tl_interface.o
                0x080045c4                HCI_TL_SPI_Receive
 .text.HCI_TL_SPI_Send
                0x08004658       0x9c Src\hci_tl_interface.o
                0x08004658                HCI_TL_SPI_Send
 .text.hci_tl_lowlevel_isr
                0x080046f4       0x20 Src\hci_tl_interface.o
                0x080046f4                hci_tl_lowlevel_isr
 .text.hci_tl_lowlevel_init
                0x08004714       0x70 Src\hci_tl_interface.o
                0x08004714                hci_tl_lowlevel_init
 .text.SystemClock_Config
                0x08004784       0xbc Src\main.o
                0x08004784                SystemClock_Config
 .text.startup.main
                0x08004840      0x38c Src\main.o
                0x08004840                main
 .text.Set_DeviceConnectable
                0x08004bcc       0xe0 Src\sensor.o
                0x08004bcc                Set_DeviceConnectable
 .text.GAP_DisconnectionComplete_CB
                0x08004cac       0x20 Src\sensor.o
                0x08004cac                GAP_DisconnectionComplete_CB
 .text.user_notify
                0x08004ccc       0x4c Src\sensor.o
                0x08004ccc                user_notify
 .text.HAL_MspInit
                0x08004d18       0x30 Src\stm32l4xx_hal_msp.o
                0x08004d18                HAL_MspInit
 .text.HAL_DFSDM_ChannelMspInit
                0x08004d48       0x64 Src\stm32l4xx_hal_msp.o
                0x08004d48                HAL_DFSDM_ChannelMspInit
 .text.HAL_I2C_MspInit
                0x08004dac       0x6c Src\stm32l4xx_hal_msp.o
                0x08004dac                HAL_I2C_MspInit
 .text.HAL_QSPI_MspInit
                0x08004e18       0x6c Src\stm32l4xx_hal_msp.o
                0x08004e18                HAL_QSPI_MspInit
 .text.HAL_UART_MspInit
                0x08004e84       0x68 Src\stm32l4xx_hal_msp.o
                0x08004e84                HAL_UART_MspInit
 .text.HAL_PCD_MspInit
                0x08004eec       0xa0 Src\stm32l4xx_hal_msp.o
                0x08004eec                HAL_PCD_MspInit
 .text.NMI_Handler
                0x08004f8c        0x2 Src\stm32l4xx_it.o
                0x08004f8c                NMI_Handler
 .text.HardFault_Handler
                0x08004f8e        0x2 Src\stm32l4xx_it.o
                0x08004f8e                HardFault_Handler
 .text.MemManage_Handler
                0x08004f90        0x2 Src\stm32l4xx_it.o
                0x08004f90                MemManage_Handler
 .text.BusFault_Handler
                0x08004f92        0x2 Src\stm32l4xx_it.o
                0x08004f92                BusFault_Handler
 .text.UsageFault_Handler
                0x08004f94        0x2 Src\stm32l4xx_it.o
                0x08004f94                UsageFault_Handler
 .text.SVC_Handler
                0x08004f96        0x2 Src\stm32l4xx_it.o
                0x08004f96                SVC_Handler
 .text.DebugMon_Handler
                0x08004f98        0x2 Src\stm32l4xx_it.o
                0x08004f98                DebugMon_Handler
 .text.PendSV_Handler
                0x08004f9a        0x2 Src\stm32l4xx_it.o
                0x08004f9a                PendSV_Handler
 .text.SysTick_Handler
                0x08004f9c        0x4 Src\stm32l4xx_it.o
                0x08004f9c                SysTick_Handler
 .text.EXTI9_5_IRQHandler
                0x08004fa0       0x24 Src\stm32l4xx_it.o
                0x08004fa0                EXTI9_5_IRQHandler
 .text.EXTI15_10_IRQHandler
                0x08004fc4       0x30 Src\stm32l4xx_it.o
                0x08004fc4                EXTI15_10_IRQHandler
 .text._sbrk    0x08004ff4       0x34 Src\syscalls.o
                0x08004ff4                _sbrk
 .text.SystemInit
                0x08005028       0x48 Src\system_stm32l4xx.o
                0x08005028                SystemInit
 .text.Reset_Handler
                0x08005070       0x50 startup\startup_stm32l475xx.o
                0x08005070                Reset_Handler
 .text.Default_Handler
                0x080050c0        0x2 startup\startup_stm32l475xx.o
                0x080050c0                RTC_Alarm_IRQHandler
                0x080050c0                EXTI2_IRQHandler
                0x080050c0                TIM8_TRG_COM_IRQHandler
                0x080050c0                TIM8_CC_IRQHandler
                0x080050c0                TIM1_CC_IRQHandler
                0x080050c0                TSC_IRQHandler
                0x080050c0                TAMP_STAMP_IRQHandler
                0x080050c0                EXTI3_IRQHandler
                0x080050c0                LPTIM2_IRQHandler
                0x080050c0                DFSDM1_FLT1_IRQHandler
                0x080050c0                I2C3_ER_IRQHandler
                0x080050c0                DFSDM1_FLT2_IRQHandler
                0x080050c0                EXTI0_IRQHandler
                0x080050c0                I2C2_EV_IRQHandler
                0x080050c0                CAN1_RX0_IRQHandler
                0x080050c0                FPU_IRQHandler
                0x080050c0                TIM1_UP_TIM16_IRQHandler
                0x080050c0                ADC1_2_IRQHandler
                0x080050c0                SPI1_IRQHandler
                0x080050c0                TIM6_DAC_IRQHandler
                0x080050c0                TIM8_UP_IRQHandler
                0x080050c0                DMA2_Channel2_IRQHandler
                0x080050c0                DMA1_Channel4_IRQHandler
                0x080050c0                SAI2_IRQHandler
                0x080050c0                DFSDM1_FLT3_IRQHandler
                0x080050c0                USART3_IRQHandler
                0x080050c0                DMA1_Channel7_IRQHandler
                0x080050c0                CAN1_RX1_IRQHandler
                0x080050c0                UART5_IRQHandler
                0x080050c0                ADC3_IRQHandler
                0x080050c0                TIM4_IRQHandler
                0x080050c0                DMA2_Channel1_IRQHandler
                0x080050c0                QUADSPI_IRQHandler
                0x080050c0                I2C1_EV_IRQHandler
                0x080050c0                DMA1_Channel6_IRQHandler
                0x080050c0                UART4_IRQHandler
                0x080050c0                DMA2_Channel4_IRQHandler
                0x080050c0                TIM3_IRQHandler
                0x080050c0                RCC_IRQHandler
                0x080050c0                DMA1_Channel1_IRQHandler
                0x080050c0                Default_Handler
                0x080050c0                DMA2_Channel7_IRQHandler
                0x080050c0                TIM7_IRQHandler
                0x080050c0                SDMMC1_IRQHandler
                0x080050c0                TIM5_IRQHandler
                0x080050c0                I2C3_EV_IRQHandler
                0x080050c0                RTC_WKUP_IRQHandler
                0x080050c0                PVD_PVM_IRQHandler
                0x080050c0                SPI2_IRQHandler
                0x080050c0                CAN1_TX_IRQHandler
                0x080050c0                DMA2_Channel5_IRQHandler
                0x080050c0                DMA1_Channel5_IRQHandler
                0x080050c0                EXTI4_IRQHandler
                0x080050c0                RNG_IRQHandler
                0x080050c0                TIM1_TRG_COM_TIM17_IRQHandler
                0x080050c0                DMA1_Channel3_IRQHandler
                0x080050c0                COMP_IRQHandler
                0x080050c0                WWDG_IRQHandler
                0x080050c0                LPUART1_IRQHandler
                0x080050c0                DMA2_Channel6_IRQHandler
                0x080050c0                TIM2_IRQHandler
                0x080050c0                EXTI1_IRQHandler
                0x080050c0                USART2_IRQHandler
                0x080050c0                DFSDM1_FLT0_IRQHandler
                0x080050c0                I2C2_ER_IRQHandler
                0x080050c0                DMA1_Channel2_IRQHandler
                0x080050c0                TIM8_BRK_IRQHandler
                0x080050c0                CAN1_SCE_IRQHandler
                0x080050c0                FLASH_IRQHandler
                0x080050c0                USART1_IRQHandler
                0x080050c0                OTG_FS_IRQHandler
                0x080050c0                SPI3_IRQHandler
                0x080050c0                I2C1_ER_IRQHandler
                0x080050c0                FMC_IRQHandler
                0x080050c0                SWPMI1_IRQHandler
                0x080050c0                LPTIM1_IRQHandler
                0x080050c0                SAI1_IRQHandler
                0x080050c0                DMA2_Channel3_IRQHandler
                0x080050c0                TIM1_BRK_TIM15_IRQHandler
 *fill*         0x080050c2        0x2 
 .text.__errno  0x080050c4        0xc c:/program files (x86)/atollic/truestudio for stm32 9.3.0/armtools/bin/../lib/gcc/arm-atollic-eabi/6.3.1/../../../../arm-atollic-eabi/lib/armv7e-m/fpu\libc.a(lib_a-errno.o)
                0x080050c4                __errno
 .text.__libc_init_array
                0x080050d0       0x48 c:/program files (x86)/atollic/truestudio for stm32 9.3.0/armtools/bin/../lib/gcc/arm-atollic-eabi/6.3.1/../../../../arm-atollic-eabi/lib/armv7e-m/fpu\libc.a(lib_a-init.o)
                0x080050d0                __libc_init_array
 .text.memcpy   0x08005118       0x16 c:/program files (x86)/atollic/truestudio for stm32 9.3.0/armtools/bin/../lib/gcc/arm-atollic-eabi/6.3.1/../../../../arm-atollic-eabi/lib/armv7e-m/fpu\libc.a(lib_a-memcpy-stub.o)
                0x08005118                memcpy
 .text.memset   0x0800512e       0x10 c:/program files (x86)/atollic/truestudio for stm32 9.3.0/armtools/bin/../lib/gcc/arm-atollic-eabi/6.3.1/../../../../arm-atollic-eabi/lib/armv7e-m/fpu\libc.a(lib_a-memset.o)
                0x0800512e                memset
 *fill*         0x0800513e        0x2 
 .text.srand    0x08005140       0x50 c:/program files (x86)/atollic/truestudio for stm32 9.3.0/armtools/bin/../lib/gcc/arm-atollic-eabi/6.3.1/../../../../arm-atollic-eabi/lib/armv7e-m/fpu\libc.a(lib_a-rand.o)
                0x08005140                srand
 .text.rand     0x08005190       0x74 c:/program files (x86)/atollic/truestudio for stm32 9.3.0/armtools/bin/../lib/gcc/arm-atollic-eabi/6.3.1/../../../../arm-atollic-eabi/lib/armv7e-m/fpu\libc.a(lib_a-rand.o)
                0x08005190                rand
 .text.malloc   0x08005204       0x10 c:/program files (x86)/atollic/truestudio for stm32 9.3.0/armtools/bin/../lib/gcc/arm-atollic-eabi/6.3.1/../../../../arm-atollic-eabi/lib/armv7e-m/fpu\libc.a(lib_a-malloc.o)
                0x08005204                malloc
 .text._malloc_r
                0x08005214      0x41c c:/program files (x86)/atollic/truestudio for stm32 9.3.0/armtools/bin/../lib/gcc/arm-atollic-eabi/6.3.1/../../../../arm-atollic-eabi/lib/armv7e-m/fpu\libc.a(lib_a-mallocr.o)
                0x08005214                _malloc_r
 .text.__malloc_lock
                0x08005630        0xc c:/program files (x86)/atollic/truestudio for stm32 9.3.0/armtools/bin/../lib/gcc/arm-atollic-eabi/6.3.1/../../../../arm-atollic-eabi/lib/armv7e-m/fpu\libc.a(lib_a-mlock.o)
                0x08005630                __malloc_lock
 .text.__malloc_unlock
                0x0800563c        0xc c:/program files (x86)/atollic/truestudio for stm32 9.3.0/armtools/bin/../lib/gcc/arm-atollic-eabi/6.3.1/../../../../arm-atollic-eabi/lib/armv7e-m/fpu\libc.a(lib_a-mlock.o)
                0x0800563c                __malloc_unlock
 .text._sbrk_r  0x08005648       0x20 c:/program files (x86)/atollic/truestudio for stm32 9.3.0/armtools/bin/../lib/gcc/arm-atollic-eabi/6.3.1/../../../../arm-atollic-eabi/lib/armv7e-m/fpu\libc.a(lib_a-sbrkr.o)
                0x08005648                _sbrk_r
 .text._malloc_trim_r
                0x08005668       0xac c:/program files (x86)/atollic/truestudio for stm32 9.3.0/armtools/bin/../lib/gcc/arm-atollic-eabi/6.3.1/../../../../arm-atollic-eabi/lib/armv7e-m/fpu\libc.a(lib_a-freer.o)
                0x08005668                _malloc_trim_r
 .text._free_r  0x08005714      0x178 c:/program files (x86)/atollic/truestudio for stm32 9.3.0/armtools/bin/../lib/gcc/arm-atollic-eabi/6.3.1/../../../../arm-atollic-eabi/lib/armv7e-m/fpu\libc.a(lib_a-freer.o)
                0x08005714                _free_r
 .text.__retarget_lock_acquire_recursive
                0x0800588c        0x2 c:/program files (x86)/atollic/truestudio for stm32 9.3.0/armtools/bin/../lib/gcc/arm-atollic-eabi/6.3.1/../../../../arm-atollic-eabi/lib/armv7e-m/fpu\libc.a(lib_a-lock.o)
                0x0800588c                __retarget_lock_acquire_recursive
 .text.__retarget_lock_release_recursive
                0x0800588e        0x2 c:/program files (x86)/atollic/truestudio for stm32 9.3.0/armtools/bin/../lib/gcc/arm-atollic-eabi/6.3.1/../../../../arm-atollic-eabi/lib/armv7e-m/fpu\libc.a(lib_a-lock.o)
                0x0800588e                __retarget_lock_release_recursive
 *(.glue_7)
 .glue_7        0x08005890        0x0 linker stubs
 *(.glue_7t)
 .glue_7t       0x08005890        0x0 linker stubs
 *(.eh_frame)
 .eh_frame      0x08005890        0x0 c:/program files (x86)/atollic/truestudio for stm32 9.3.0/armtools/bin/../lib/gcc/arm-atollic-eabi/6.3.1/armv7e-m/fpu/crtbegin.o
 *(.init)
 .init          0x08005890        0x4 c:/program files (x86)/atollic/truestudio for stm32 9.3.0/armtools/bin/../lib/gcc/arm-atollic-eabi/6.3.1/armv7e-m/fpu/crti.o
                0x08005890                _init
 .init          0x08005894        0x8 c:/program files (x86)/atollic/truestudio for stm32 9.3.0/armtools/bin/../lib/gcc/arm-atollic-eabi/6.3.1/armv7e-m/fpu/crtn.o
 *(.fini)
 .fini          0x0800589c        0x4 c:/program files (x86)/atollic/truestudio for stm32 9.3.0/armtools/bin/../lib/gcc/arm-atollic-eabi/6.3.1/armv7e-m/fpu/crti.o
                0x0800589c                _fini
 .fini          0x080058a0        0x8 c:/program files (x86)/atollic/truestudio for stm32 9.3.0/armtools/bin/../lib/gcc/arm-atollic-eabi/6.3.1/armv7e-m/fpu/crtn.o
                0x080058a8                . = ALIGN (0x4)
                0x080058a8                _etext = .

.vfp11_veneer   0x080058a8        0x0
 .vfp11_veneer  0x080058a8        0x0 linker stubs

.v4_bx          0x080058a8        0x0
 .v4_bx         0x080058a8        0x0 linker stubs

.iplt           0x080058a8        0x0
 .iplt          0x080058a8        0x0 c:/program files (x86)/atollic/truestudio for stm32 9.3.0/armtools/bin/../lib/gcc/arm-atollic-eabi/6.3.1/armv7e-m/fpu/crtbegin.o

.rodata         0x080058a8       0x6c
                0x080058a8                . = ALIGN (0x4)
 *(.rodata)
 .rodata        0x080058a8        0x8 Src\sensor.o
 *(.rodata*)
 .rodata.CSWTCH.49
                0x080058b0        0x4 Drivers\STM32L4xx_HAL_Driver\Src\stm32l4xx_hal_uart.o
 .rodata.CSWTCH.50
                0x080058b4        0xd Drivers\STM32L4xx_HAL_Driver\Src\stm32l4xx_hal_uart.o
 .rodata.MX_BlueNRG_MS_Init.str1.1
                0x080058c1        0x8 Src\app_x-cube-ble1.o
 .rodata.AHBPrescTable
                0x080058c9       0x10 Src\system_stm32l4xx.o
                0x080058c9                AHBPrescTable
 .rodata.APBPrescTable
                0x080058d9        0x8 Src\system_stm32l4xx.o
                0x080058d9                APBPrescTable
 *fill*         0x080058e1        0x3 
 .rodata.MSIRangeTable
                0x080058e4       0x30 Src\system_stm32l4xx.o
                0x080058e4                MSIRangeTable
                0x08005914                . = ALIGN (0x4)

.ARM.extab
 *(.ARM.extab* .gnu.linkonce.armextab.*)

.ARM            0x08005914        0x8
                0x08005914                __exidx_start = .
 *(.ARM.exidx*)
 .ARM.exidx     0x08005914        0x8 c:/program files (x86)/atollic/truestudio for stm32 9.3.0/armtools/bin/../lib/gcc/arm-atollic-eabi/6.3.1/armv7e-m/fpu\libgcc.a(_udivmoddi4.o)
                0x0800591c                __exidx_end = .

.rel.dyn        0x0800591c        0x0
 .rel.iplt      0x0800591c        0x0 c:/program files (x86)/atollic/truestudio for stm32 9.3.0/armtools/bin/../lib/gcc/arm-atollic-eabi/6.3.1/armv7e-m/fpu/crtbegin.o

.preinit_array  0x0800591c        0x0
                0x0800591c                PROVIDE (__preinit_array_start, .)
 *(.preinit_array*)
                0x0800591c                PROVIDE (__preinit_array_end, .)

.init_array     0x0800591c        0x4
                0x0800591c                PROVIDE (__init_array_start, .)
 *(SORT(.init_array.*))
 *(.init_array*)
 .init_array    0x0800591c        0x4 c:/program files (x86)/atollic/truestudio for stm32 9.3.0/armtools/bin/../lib/gcc/arm-atollic-eabi/6.3.1/armv7e-m/fpu/crtbegin.o
                0x08005920                PROVIDE (__init_array_end, .)

.fini_array     0x08005920        0x4
                [!provide]                PROVIDE (__fini_array_start, .)
 *(SORT(.fini_array.*))
 *(.fini_array*)
 .fini_array    0x08005920        0x4 c:/program files (x86)/atollic/truestudio for stm32 9.3.0/armtools/bin/../lib/gcc/arm-atollic-eabi/6.3.1/armv7e-m/fpu/crtbegin.o
                [!provide]                PROVIDE (__fini_array_end, .)
                0x08005924                _sidata = LOADADDR (.data)

.data           0x20000000      0x520 load address 0x08005924
                0x20000000                . = ALIGN (0x4)
                0x20000000                _sdata = .
 *(.data)
 *(.data*)
 .data.COM_USART
                0x20000000        0x4 Drivers\BSP\CUSTOM\b_l475e_iot01a1.o
                0x20000000                COM_USART
 .data.hpb_exti
                0x20000004        0x8 Drivers\BSP\CUSTOM\b_l475e_iot01a1.o
                0x20000004                hpb_exti
 .data.uwTickFreq
                0x2000000c        0x4 Drivers\STM32L4xx_HAL_Driver\Src\stm32l4xx_hal.o
                0x2000000c                uwTickFreq
 .data.uwTickPrio
                0x20000010        0x4 Drivers\STM32L4xx_HAL_Driver\Src\stm32l4xx_hal.o
                0x20000010                uwTickPrio
 .data.user_button_init_state
                0x20000014        0x1 Src\app_x-cube-ble1.o
 .data.set_connectable
                0x20000015        0x1 Src\sensor.o
                0x20000015                set_connectable
 *fill*         0x20000016        0x2 
 .data.SystemCoreClock
                0x20000018        0x4 Src\system_stm32l4xx.o
                0x20000018                SystemCoreClock
 .data._impure_ptr
                0x2000001c        0x4 c:/program files (x86)/atollic/truestudio for stm32 9.3.0/armtools/bin/../lib/gcc/arm-atollic-eabi/6.3.1/../../../../arm-atollic-eabi/lib/armv7e-m/fpu\libc.a(lib_a-impure.o)
                0x2000001c                _impure_ptr
 .data.impure_data
                0x20000020       0xf0 c:/program files (x86)/atollic/truestudio for stm32 9.3.0/armtools/bin/../lib/gcc/arm-atollic-eabi/6.3.1/../../../../arm-atollic-eabi/lib/armv7e-m/fpu\libc.a(lib_a-impure.o)
 .data.__malloc_av_
                0x20000110      0x408 c:/program files (x86)/atollic/truestudio for stm32 9.3.0/armtools/bin/../lib/gcc/arm-atollic-eabi/6.3.1/../../../../arm-atollic-eabi/lib/armv7e-m/fpu\libc.a(lib_a-mallocr.o)
                0x20000110                __malloc_av_
 .data.__malloc_sbrk_base
                0x20000518        0x4 c:/program files (x86)/atollic/truestudio for stm32 9.3.0/armtools/bin/../lib/gcc/arm-atollic-eabi/6.3.1/../../../../arm-atollic-eabi/lib/armv7e-m/fpu\libc.a(lib_a-mallocr.o)
                0x20000518                __malloc_sbrk_base
 .data.__malloc_trim_threshold
                0x2000051c        0x4 c:/program files (x86)/atollic/truestudio for stm32 9.3.0/armtools/bin/../lib/gcc/arm-atollic-eabi/6.3.1/../../../../arm-atollic-eabi/lib/armv7e-m/fpu\libc.a(lib_a-mallocr.o)
                0x2000051c                __malloc_trim_threshold
                0x20000520                . = ALIGN (0x4)
                0x20000520                _edata = .

.igot.plt       0x20000520        0x0 load address 0x08005e44
 .igot.plt      0x20000520        0x0 c:/program files (x86)/atollic/truestudio for stm32 9.3.0/armtools/bin/../lib/gcc/arm-atollic-eabi/6.3.1/armv7e-m/fpu/crtbegin.o
                0x20000520                . = ALIGN (0x4)

.bss            0x20000520      0xb38 load address 0x08005e44
                0x20000520                _sbss = .
                0x20000520                __bss_start__ = _sbss
 *(.bss)
 .bss           0x20000520       0x1c c:/program files (x86)/atollic/truestudio for stm32 9.3.0/armtools/bin/../lib/gcc/arm-atollic-eabi/6.3.1/armv7e-m/fpu/crtbegin.o
 *(.bss*)
 .bss.a_dfsdm1ChannelHandle
                0x2000053c       0x20 Drivers\STM32L4xx_HAL_Driver\Src\stm32l4xx_hal_dfsdm.o
 .bss.v_dfsdm1ChannelCounter
                0x2000055c        0x4 Drivers\STM32L4xx_HAL_Driver\Src\stm32l4xx_hal_dfsdm.o
 .bss.hciContext
                0x20000560       0x20 Middlewares\ST\BlueNRG-MS\hci\hci_tl_patterns\Basic\hci_tl.o
 .bss.hciReadPacketBuffer
                0x20000580      0x2bc Middlewares\ST\BlueNRG-MS\hci\hci_tl_patterns\Basic\hci_tl.o
 .bss.bnrg_expansion_board
                0x2000083c        0x1 Src\app_x-cube-ble1.o
                0x2000083c                bnrg_expansion_board
 *fill*         0x2000083d        0x3 
 .bss.counter.11246
                0x20000840        0x4 Src\app_x-cube-ble1.o
 .bss.user_button_pressed
                0x20000844        0x1 Src\app_x-cube-ble1.o
 *fill*         0x20000845        0x3 
 .bss.SPI3InitCounter
                0x20000848        0x4 Src\b_l475e_iot01a1_bus.o
 .bss.read_char_buf.9363
                0x2000084c       0xff Src\hci_tl_interface.o
 *fill*         0x2000094b        0x1 
 .bss.connected
                0x2000094c        0x4 Src\sensor.o
                0x2000094c                connected
 .bss.connection_handle
                0x20000950        0x2 Src\sensor.o
                0x20000950                connection_handle
 *fill*         0x20000952        0x2 
 .bss.g_axes    0x20000954        0xc Src\sensor.o
                0x20000954                g_axes
 .bss.m_axes    0x20000960        0xc Src\sensor.o
                0x20000960                m_axes
 .bss.notification_enabled
                0x2000096c        0x1 Src\sensor.o
                0x2000096c                notification_enabled
 *fill*         0x2000096d        0x3 
 .bss.q_axes    0x20000970        0xc Src\sensor.o
                0x20000970                q_axes
 .bss.x_axes    0x2000097c        0xc Src\sensor.o
                0x2000097c                x_axes
 .bss.DFSDM1_Init
                0x20000988        0x4 Src\stm32l4xx_hal_msp.o
 .bss.heap_end.7031
                0x2000098c        0x4 Src\syscalls.o
 .bss.__malloc_current_mallinfo
                0x20000990       0x28 c:/program files (x86)/atollic/truestudio for stm32 9.3.0/armtools/bin/../lib/gcc/arm-atollic-eabi/6.3.1/../../../../arm-atollic-eabi/lib/armv7e-m/fpu\libc.a(lib_a-mallocr.o)
                0x20000990                __malloc_current_mallinfo
 .bss.__malloc_max_sbrked_mem
                0x200009b8        0x4 c:/program files (x86)/atollic/truestudio for stm32 9.3.0/armtools/bin/../lib/gcc/arm-atollic-eabi/6.3.1/../../../../arm-atollic-eabi/lib/armv7e-m/fpu\libc.a(lib_a-mallocr.o)
                0x200009b8                __malloc_max_sbrked_mem
 .bss.__malloc_max_total_mem
                0x200009bc        0x4 c:/program files (x86)/atollic/truestudio for stm32 9.3.0/armtools/bin/../lib/gcc/arm-atollic-eabi/6.3.1/../../../../arm-atollic-eabi/lib/armv7e-m/fpu\libc.a(lib_a-mallocr.o)
                0x200009bc                __malloc_max_total_mem
 .bss.__malloc_top_pad
                0x200009c0        0x4 c:/program files (x86)/atollic/truestudio for stm32 9.3.0/armtools/bin/../lib/gcc/arm-atollic-eabi/6.3.1/../../../../arm-atollic-eabi/lib/armv7e-m/fpu\libc.a(lib_a-mallocr.o)
                0x200009c0                __malloc_top_pad
 *(COMMON)
 COMMON         0x200009c4       0x80 Drivers\BSP\CUSTOM\b_l475e_iot01a1.o
                0x200009c4                hcom_uart
 COMMON         0x20000a44        0x4 Drivers\STM32L4xx_HAL_Driver\Src\stm32l4xx_hal.o
                0x20000a44                uwTick
 COMMON         0x20000a48       0x10 Middlewares\ST\BlueNRG-MS\hci\hci_tl_patterns\Basic\hci_tl.o
                0x20000a48                hciReadPktPool
                0x20000a50                hciReadPktRxQueue
 COMMON         0x20000a58        0x6 Src\app_x-cube-ble1.o
                0x20000a58                bdaddr
 *fill*         0x20000a5e        0x2 
 COMMON         0x20000a60       0x64 Src\b_l475e_iot01a1_bus.o
                0x20000a60                hspi3
 COMMON         0x20000ac4       0x2a Src\gatt_db.o
                0x20000ac4                EnvironmentalCharHandle
                0x20000ac6                QuaternionsCharHandle
                0x20000ac8                char_uuid
                0x20000ad8                SWServW2STHandle
                0x20000ada                HWServW2STHandle
                0x20000adc                AccGyroMagCharHandle
                0x20000ade                service_uuid
 *fill*         0x20000aee        0x2 
 COMMON         0x20000af0        0x8 Src\hci_tl_interface.o
                0x20000af0                hexti6
 COMMON         0x20000af8      0x550 Src\main.o
                0x20000af8                hdfsdm1_channel1
                0x20000b30                huart3
                0x20000bb0                hpcd_USB_OTG_FS
                0x20000fb8                hi2c2
                0x20001004                hqspi
 COMMON         0x20001048        0x9 c:/program files (x86)/atollic/truestudio for stm32 9.3.0/armtools/bin/../lib/gcc/arm-atollic-eabi/6.3.1/../../../../arm-atollic-eabi/lib/armv7e-m/fpu\libc.a(lib_a-lock.o)
                0x20001048                __lock___atexit_recursive_mutex
                0x20001049                __lock___arc4random_mutex
                0x2000104a                __lock___env_recursive_mutex
                0x2000104b                __lock___sinit_recursive_mutex
                0x2000104c                __lock___malloc_recursive_mutex
                0x2000104d                __lock___at_quick_exit_mutex
                0x2000104e                __lock___dd_hash_mutex
                0x2000104f                __lock___tz_mutex
                0x20001050                __lock___sfp_recursive_mutex
 *fill*         0x20001051        0x3 
 COMMON         0x20001054        0x4 c:/program files (x86)/atollic/truestudio for stm32 9.3.0/armtools/bin/../lib/gcc/arm-atollic-eabi/6.3.1/../../../../arm-atollic-eabi/lib/armv7e-m/fpu\libc.a(lib_a-reent.o)
                0x20001054                errno
                0x20001058                . = ALIGN (0x4)
                0x20001058                _ebss = .
                0x20001058                __bss_end__ = _ebss

._user_heap_stack
                0x20001058      0x600 load address 0x08005e44
                0x20001058                . = ALIGN (0x4)
                0x20001058                PROVIDE (end, .)
                [!provide]                PROVIDE (_end, .)
                0x20001258                . = (. + _Min_Heap_Size)
 *fill*         0x20001058      0x200 
                0x20001658                . = (. + _Min_Stack_Size)
 *fill*         0x20001258      0x400 
                0x20001658                . = ALIGN (0x4)

/DISCARD/
 libc.a(*)
 libm.a(*)
 libgcc.a(*)

.ARM.attributes
                0x00000000       0x30
 *(.ARM.attributes)
 .ARM.attributes
                0x00000000       0x22 c:/program files (x86)/atollic/truestudio for stm32 9.3.0/armtools/bin/../lib/gcc/arm-atollic-eabi/6.3.1/armv7e-m/fpu/crti.o
 .ARM.attributes
                0x00000022       0x34 c:/program files (x86)/atollic/truestudio for stm32 9.3.0/armtools/bin/../lib/gcc/arm-atollic-eabi/6.3.1/armv7e-m/fpu/crtbegin.o
 .ARM.attributes
                0x00000056       0x39 Drivers\BSP\CUSTOM\b_l475e_iot01a1.o
 .ARM.attributes
                0x0000008f       0x39 Drivers\STM32L4xx_HAL_Driver\Src\stm32l4xx_hal.o
 .ARM.attributes
                0x000000c8       0x39 Drivers\STM32L4xx_HAL_Driver\Src\stm32l4xx_hal_cortex.o
 .ARM.attributes
                0x00000101       0x39 Drivers\STM32L4xx_HAL_Driver\Src\stm32l4xx_hal_dfsdm.o
 .ARM.attributes
                0x0000013a       0x39 Drivers\STM32L4xx_HAL_Driver\Src\stm32l4xx_hal_exti.o
 .ARM.attributes
                0x00000173       0x39 Drivers\STM32L4xx_HAL_Driver\Src\stm32l4xx_hal_gpio.o
 .ARM.attributes
                0x000001ac       0x39 Drivers\STM32L4xx_HAL_Driver\Src\stm32l4xx_hal_i2c.o
 .ARM.attributes
                0x000001e5       0x39 Drivers\STM32L4xx_HAL_Driver\Src\stm32l4xx_hal_i2c_ex.o
 .ARM.attributes
                0x0000021e       0x39 Drivers\STM32L4xx_HAL_Driver\Src\stm32l4xx_hal_pcd.o
 .ARM.attributes
                0x00000257       0x39 Drivers\STM32L4xx_HAL_Driver\Src\stm32l4xx_hal_pcd_ex.o
 .ARM.attributes
                0x00000290       0x39 Drivers\STM32L4xx_HAL_Driver\Src\stm32l4xx_hal_pwr.o
 .ARM.attributes
                0x000002c9       0x39 Drivers\STM32L4xx_HAL_Driver\Src\stm32l4xx_hal_pwr_ex.o
 .ARM.attributes
                0x00000302       0x39 Drivers\STM32L4xx_HAL_Driver\Src\stm32l4xx_hal_qspi.o
 .ARM.attributes
                0x0000033b       0x39 Drivers\STM32L4xx_HAL_Driver\Src\stm32l4xx_hal_rcc.o
 .ARM.attributes
                0x00000374       0x39 Drivers\STM32L4xx_HAL_Driver\Src\stm32l4xx_hal_rcc_ex.o
 .ARM.attributes
                0x000003ad       0x39 Drivers\STM32L4xx_HAL_Driver\Src\stm32l4xx_hal_spi.o
 .ARM.attributes
                0x000003e6       0x39 Drivers\STM32L4xx_HAL_Driver\Src\stm32l4xx_hal_uart.o
 .ARM.attributes
                0x0000041f       0x39 Drivers\STM32L4xx_HAL_Driver\Src\stm32l4xx_ll_usb.o
 .ARM.attributes
                0x00000458       0x39 Middlewares\ST\BlueNRG-MS\hci\controller\bluenrg_gap_aci.o
 .ARM.attributes
                0x00000491       0x39 Middlewares\ST\BlueNRG-MS\hci\controller\bluenrg_gatt_aci.o
 .ARM.attributes
                0x000004ca       0x39 Middlewares\ST\BlueNRG-MS\hci\controller\bluenrg_hal_aci.o
 .ARM.attributes
                0x00000503       0x39 Middlewares\ST\BlueNRG-MS\hci\controller\bluenrg_utils_small.o
 .ARM.attributes
                0x0000053c       0x39 Middlewares\ST\BlueNRG-MS\hci\hci_le.o
 .ARM.attributes
                0x00000575       0x39 Middlewares\ST\BlueNRG-MS\hci\hci_tl_patterns\Basic\hci_tl.o
 .ARM.attributes
                0x000005ae       0x39 Middlewares\ST\BlueNRG-MS\utils\ble_list.o
 .ARM.attributes
                0x000005e7       0x39 Src\app_x-cube-ble1.o
 .ARM.attributes
                0x00000620       0x39 Src\b_l475e_iot01a1_bus.o
 .ARM.attributes
                0x00000659       0x39 Src\gatt_db.o
 .ARM.attributes
                0x00000692       0x39 Src\hci_tl_interface.o
 .ARM.attributes
                0x000006cb       0x39 Src\main.o
 .ARM.attributes
                0x00000704       0x39 Src\sensor.o
 .ARM.attributes
                0x0000073d       0x39 Src\stm32l4xx_hal_msp.o
 .ARM.attributes
                0x00000776       0x39 Src\stm32l4xx_it.o
 .ARM.attributes
                0x000007af       0x39 Src\syscalls.o
 .ARM.attributes
                0x000007e8       0x39 Src\system_stm32l4xx.o
 .ARM.attributes
                0x00000821       0x21 startup\startup_stm32l475xx.o
 .ARM.attributes
                0x00000842       0x34 c:/program files (x86)/atollic/truestudio for stm32 9.3.0/armtools/bin/../lib/gcc/arm-atollic-eabi/6.3.1/../../../../arm-atollic-eabi/lib/armv7e-m/fpu\libc.a(lib_a-errno.o)
 .ARM.attributes
                0x00000876       0x34 c:/program files (x86)/atollic/truestudio for stm32 9.3.0/armtools/bin/../lib/gcc/arm-atollic-eabi/6.3.1/../../../../arm-atollic-eabi/lib/armv7e-m/fpu\libc.a(lib_a-impure.o)
 .ARM.attributes
                0x000008aa       0x34 c:/program files (x86)/atollic/truestudio for stm32 9.3.0/armtools/bin/../lib/gcc/arm-atollic-eabi/6.3.1/../../../../arm-atollic-eabi/lib/armv7e-m/fpu\libc.a(lib_a-init.o)
 .ARM.attributes
                0x000008de       0x34 c:/program files (x86)/atollic/truestudio for stm32 9.3.0/armtools/bin/../lib/gcc/arm-atollic-eabi/6.3.1/../../../../arm-atollic-eabi/lib/armv7e-m/fpu\libc.a(lib_a-memcpy-stub.o)
 .ARM.attributes
                0x00000912       0x34 c:/program files (x86)/atollic/truestudio for stm32 9.3.0/armtools/bin/../lib/gcc/arm-atollic-eabi/6.3.1/../../../../arm-atollic-eabi/lib/armv7e-m/fpu\libc.a(lib_a-memset.o)
 .ARM.attributes
                0x00000946       0x34 c:/program files (x86)/atollic/truestudio for stm32 9.3.0/armtools/bin/../lib/gcc/arm-atollic-eabi/6.3.1/../../../../arm-atollic-eabi/lib/armv7e-m/fpu\libc.a(lib_a-rand.o)
 .ARM.attributes
                0x0000097a       0x34 c:/program files (x86)/atollic/truestudio for stm32 9.3.0/armtools/bin/../lib/gcc/arm-atollic-eabi/6.3.1/../../../../arm-atollic-eabi/lib/armv7e-m/fpu\libc.a(lib_a-malloc.o)
 .ARM.attributes
                0x000009ae       0x34 c:/program files (x86)/atollic/truestudio for stm32 9.3.0/armtools/bin/../lib/gcc/arm-atollic-eabi/6.3.1/../../../../arm-atollic-eabi/lib/armv7e-m/fpu\libc.a(lib_a-mallocr.o)
 .ARM.attributes
                0x000009e2       0x34 c:/program files (x86)/atollic/truestudio for stm32 9.3.0/armtools/bin/../lib/gcc/arm-atollic-eabi/6.3.1/../../../../arm-atollic-eabi/lib/armv7e-m/fpu\libc.a(lib_a-mlock.o)
 .ARM.attributes
                0x00000a16       0x34 c:/program files (x86)/atollic/truestudio for stm32 9.3.0/armtools/bin/../lib/gcc/arm-atollic-eabi/6.3.1/../../../../arm-atollic-eabi/lib/armv7e-m/fpu\libc.a(lib_a-sbrkr.o)
 .ARM.attributes
                0x00000a4a       0x34 c:/program files (x86)/atollic/truestudio for stm32 9.3.0/armtools/bin/../lib/gcc/arm-atollic-eabi/6.3.1/../../../../arm-atollic-eabi/lib/armv7e-m/fpu\libc.a(lib_a-freer.o)
 .ARM.attributes
                0x00000a7e       0x34 c:/program files (x86)/atollic/truestudio for stm32 9.3.0/armtools/bin/../lib/gcc/arm-atollic-eabi/6.3.1/../../../../arm-atollic-eabi/lib/armv7e-m/fpu\libc.a(lib_a-lock.o)
 .ARM.attributes
                0x00000ab2       0x34 c:/program files (x86)/atollic/truestudio for stm32 9.3.0/armtools/bin/../lib/gcc/arm-atollic-eabi/6.3.1/../../../../arm-atollic-eabi/lib/armv7e-m/fpu\libc.a(lib_a-reent.o)
 .ARM.attributes
                0x00000ae6       0x22 c:/program files (x86)/atollic/truestudio for stm32 9.3.0/armtools/bin/../lib/gcc/arm-atollic-eabi/6.3.1/armv7e-m/fpu\libgcc.a(_arm_addsubdf3.o)
 .ARM.attributes
                0x00000b08       0x22 c:/program files (x86)/atollic/truestudio for stm32 9.3.0/armtools/bin/../lib/gcc/arm-atollic-eabi/6.3.1/armv7e-m/fpu\libgcc.a(_arm_truncdfsf2.o)
 .ARM.attributes
                0x00000b2a       0x22 c:/program files (x86)/atollic/truestudio for stm32 9.3.0/armtools/bin/../lib/gcc/arm-atollic-eabi/6.3.1/armv7e-m/fpu\libgcc.a(_aeabi_uldivmod.o)
 .ARM.attributes
                0x00000b4c       0x34 c:/program files (x86)/atollic/truestudio for stm32 9.3.0/armtools/bin/../lib/gcc/arm-atollic-eabi/6.3.1/armv7e-m/fpu\libgcc.a(_udivmoddi4.o)
 .ARM.attributes
                0x00000b80       0x22 c:/program files (x86)/atollic/truestudio for stm32 9.3.0/armtools/bin/../lib/gcc/arm-atollic-eabi/6.3.1/armv7e-m/fpu\libgcc.a(_dvmd_tls.o)
 .ARM.attributes
                0x00000ba2       0x22 c:/program files (x86)/atollic/truestudio for stm32 9.3.0/armtools/bin/../lib/gcc/arm-atollic-eabi/6.3.1/armv7e-m/fpu/crtn.o
OUTPUT(Lab8_BlueT.elf elf32-littlearm)

.debug_info     0x00000000    0x347fb
 .debug_info    0x00000000     0x1946 Drivers\BSP\CUSTOM\b_l475e_iot01a1.o
 .debug_info    0x00001946      0xcd2 Drivers\STM32L4xx_HAL_Driver\Src\stm32l4xx_hal.o
 .debug_info    0x00002618     0x1096 Drivers\STM32L4xx_HAL_Driver\Src\stm32l4xx_hal_cortex.o
 .debug_info    0x000036ae     0x1ef3 Drivers\STM32L4xx_HAL_Driver\Src\stm32l4xx_hal_dfsdm.o
 .debug_info    0x000055a1      0x873 Drivers\STM32L4xx_HAL_Driver\Src\stm32l4xx_hal_exti.o
 .debug_info    0x00005e14      0x98c Drivers\STM32L4xx_HAL_Driver\Src\stm32l4xx_hal_gpio.o
 .debug_info    0x000067a0     0x3910 Drivers\STM32L4xx_HAL_Driver\Src\stm32l4xx_hal_i2c.o
 .debug_info    0x0000a0b0      0xb3e Drivers\STM32L4xx_HAL_Driver\Src\stm32l4xx_hal_i2c_ex.o
 .debug_info    0x0000abee     0x18bf Drivers\STM32L4xx_HAL_Driver\Src\stm32l4xx_hal_pcd.o
 .debug_info    0x0000c4ad      0xabf Drivers\STM32L4xx_HAL_Driver\Src\stm32l4xx_hal_pcd_ex.o
 .debug_info    0x0000cf6c      0xab9 Drivers\STM32L4xx_HAL_Driver\Src\stm32l4xx_hal_pwr.o
 .debug_info    0x0000da25      0xb0e Drivers\STM32L4xx_HAL_Driver\Src\stm32l4xx_hal_pwr_ex.o
 .debug_info    0x0000e533     0x17dc Drivers\STM32L4xx_HAL_Driver\Src\stm32l4xx_hal_qspi.o
 .debug_info    0x0000fd0f      0xf0c Drivers\STM32L4xx_HAL_Driver\Src\stm32l4xx_hal_rcc.o
 .debug_info    0x00010c1b     0x11a3 Drivers\STM32L4xx_HAL_Driver\Src\stm32l4xx_hal_rcc_ex.o
 .debug_info    0x00011dbe     0x21a4 Drivers\STM32L4xx_HAL_Driver\Src\stm32l4xx_hal_spi.o
 .debug_info    0x00013f62     0x1dab Drivers\STM32L4xx_HAL_Driver\Src\stm32l4xx_hal_uart.o
 .debug_info    0x00015d0d     0x1cb4 Drivers\STM32L4xx_HAL_Driver\Src\stm32l4xx_ll_usb.o
 .debug_info    0x000179c1     0x3a4f Middlewares\ST\BlueNRG-MS\hci\controller\bluenrg_gap_aci.o
 .debug_info    0x0001b410     0x3dfe Middlewares\ST\BlueNRG-MS\hci\controller\bluenrg_gatt_aci.o
 .debug_info    0x0001f20e     0x1762 Middlewares\ST\BlueNRG-MS\hci\controller\bluenrg_hal_aci.o
 .debug_info    0x00020970     0x117b Middlewares\ST\BlueNRG-MS\hci\controller\bluenrg_utils_small.o
 .debug_info    0x00021aeb     0x2b35 Middlewares\ST\BlueNRG-MS\hci\hci_le.o
 .debug_info    0x00024620     0x19ae Middlewares\ST\BlueNRG-MS\hci\hci_tl_patterns\Basic\hci_tl.o
 .debug_info    0x00025fce     0x112b Middlewares\ST\BlueNRG-MS\utils\ble_list.o
 .debug_info    0x000270f9     0x1c0b Src\app_x-cube-ble1.o
 .debug_info    0x00028d04     0x1183 Src\b_l475e_iot01a1_bus.o
 .debug_info    0x00029e87     0x1090 Src\gatt_db.o
 .debug_info    0x0002af17     0x1b1b Src\hci_tl_interface.o
 .debug_info    0x0002ca32     0x26e9 Src\main.o
 .debug_info    0x0002f11b     0x14f5 Src\sensor.o
 .debug_info    0x00030610     0x1e89 Src\stm32l4xx_hal_msp.o
 .debug_info    0x00032499      0xbfa Src\stm32l4xx_it.o
 .debug_info    0x00033093      0xffa Src\syscalls.o
 .debug_info    0x0003408d      0x6fb Src\system_stm32l4xx.o
 .debug_info    0x00034788       0x73 startup\startup_stm32l475xx.o

.debug_abbrev   0x00000000     0x5aee
 .debug_abbrev  0x00000000      0x341 Drivers\BSP\CUSTOM\b_l475e_iot01a1.o
 .debug_abbrev  0x00000341      0x28a Drivers\STM32L4xx_HAL_Driver\Src\stm32l4xx_hal.o
 .debug_abbrev  0x000005cb      0x314 Drivers\STM32L4xx_HAL_Driver\Src\stm32l4xx_hal_cortex.o
 .debug_abbrev  0x000008df      0x2d0 Drivers\STM32L4xx_HAL_Driver\Src\stm32l4xx_hal_dfsdm.o
 .debug_abbrev  0x00000baf      0x1b6 Drivers\STM32L4xx_HAL_Driver\Src\stm32l4xx_hal_exti.o
 .debug_abbrev  0x00000d65      0x1d7 Drivers\STM32L4xx_HAL_Driver\Src\stm32l4xx_hal_gpio.o
 .debug_abbrev  0x00000f3c      0x351 Drivers\STM32L4xx_HAL_Driver\Src\stm32l4xx_hal_i2c.o
 .debug_abbrev  0x0000128d      0x1b2 Drivers\STM32L4xx_HAL_Driver\Src\stm32l4xx_hal_i2c_ex.o
 .debug_abbrev  0x0000143f      0x350 Drivers\STM32L4xx_HAL_Driver\Src\stm32l4xx_hal_pcd.o
 .debug_abbrev  0x0000178f      0x283 Drivers\STM32L4xx_HAL_Driver\Src\stm32l4xx_hal_pcd_ex.o
 .debug_abbrev  0x00001a12      0x196 Drivers\STM32L4xx_HAL_Driver\Src\stm32l4xx_hal_pwr.o
 .debug_abbrev  0x00001ba8      0x209 Drivers\STM32L4xx_HAL_Driver\Src\stm32l4xx_hal_pwr_ex.o
 .debug_abbrev  0x00001db1      0x2d0 Drivers\STM32L4xx_HAL_Driver\Src\stm32l4xx_hal_qspi.o
 .debug_abbrev  0x00002081      0x258 Drivers\STM32L4xx_HAL_Driver\Src\stm32l4xx_hal_rcc.o
 .debug_abbrev  0x000022d9      0x264 Drivers\STM32L4xx_HAL_Driver\Src\stm32l4xx_hal_rcc_ex.o
 .debug_abbrev  0x0000253d      0x318 Drivers\STM32L4xx_HAL_Driver\Src\stm32l4xx_hal_spi.o
 .debug_abbrev  0x00002855      0x31d Drivers\STM32L4xx_HAL_Driver\Src\stm32l4xx_hal_uart.o
 .debug_abbrev  0x00002b72      0x356 Drivers\STM32L4xx_HAL_Driver\Src\stm32l4xx_ll_usb.o
 .debug_abbrev  0x00002ec8      0x295 Middlewares\ST\BlueNRG-MS\hci\controller\bluenrg_gap_aci.o
 .debug_abbrev  0x0000315d      0x28b Middlewares\ST\BlueNRG-MS\hci\controller\bluenrg_gatt_aci.o
 .debug_abbrev  0x000033e8      0x248 Middlewares\ST\BlueNRG-MS\hci\controller\bluenrg_hal_aci.o
 .debug_abbrev  0x00003630      0x1e7 Middlewares\ST\BlueNRG-MS\hci\controller\bluenrg_utils_small.o
 .debug_abbrev  0x00003817      0x286 Middlewares\ST\BlueNRG-MS\hci\hci_le.o
 .debug_abbrev  0x00003a9d      0x405 Middlewares\ST\BlueNRG-MS\hci\hci_tl_patterns\Basic\hci_tl.o
 .debug_abbrev  0x00003ea2      0x2aa Middlewares\ST\BlueNRG-MS\utils\ble_list.o
 .debug_abbrev  0x0000414c      0x354 Src\app_x-cube-ble1.o
 .debug_abbrev  0x000044a0      0x292 Src\b_l475e_iot01a1_bus.o
 .debug_abbrev  0x00004732      0x2e9 Src\gatt_db.o
 .debug_abbrev  0x00004a1b      0x2ac Src\hci_tl_interface.o
 .debug_abbrev  0x00004cc7      0x2db Src\main.o
 .debug_abbrev  0x00004fa2      0x2e4 Src\sensor.o
 .debug_abbrev  0x00005286      0x255 Src\stm32l4xx_hal_msp.o
 .debug_abbrev  0x000054db      0x1dd Src\stm32l4xx_it.o
 .debug_abbrev  0x000056b8      0x2d9 Src\syscalls.o
 .debug_abbrev  0x00005991      0x14b Src\system_stm32l4xx.o
 .debug_abbrev  0x00005adc       0x12 startup\startup_stm32l475xx.o

.debug_loc      0x00000000    0x1542b
 .debug_loc     0x00000000      0x303 Drivers\BSP\CUSTOM\b_l475e_iot01a1.o
 .debug_loc     0x00000303      0x1d5 Drivers\STM32L4xx_HAL_Driver\Src\stm32l4xx_hal.o
 .debug_loc     0x000004d8      0x4fb Drivers\STM32L4xx_HAL_Driver\Src\stm32l4xx_hal_cortex.o
 .debug_loc     0x000009d3     0x18a8 Drivers\STM32L4xx_HAL_Driver\Src\stm32l4xx_hal_dfsdm.o
 .debug_loc     0x0000227b      0x74b Drivers\STM32L4xx_HAL_Driver\Src\stm32l4xx_hal_exti.o
 .debug_loc     0x000029c6      0x2c1 Drivers\STM32L4xx_HAL_Driver\Src\stm32l4xx_hal_gpio.o
 .debug_loc     0x00002c87     0x3a9a Drivers\STM32L4xx_HAL_Driver\Src\stm32l4xx_hal_i2c.o
 .debug_loc     0x00006721      0x1a0 Drivers\STM32L4xx_HAL_Driver\Src\stm32l4xx_hal_i2c_ex.o
 .debug_loc     0x000068c1      0xbb2 Drivers\STM32L4xx_HAL_Driver\Src\stm32l4xx_hal_pcd.o
 .debug_loc     0x00007473      0x223 Drivers\STM32L4xx_HAL_Driver\Src\stm32l4xx_hal_pcd_ex.o
 .debug_loc     0x00007696      0x132 Drivers\STM32L4xx_HAL_Driver\Src\stm32l4xx_hal_pwr.o
 .debug_loc     0x000077c8      0x63b Drivers\STM32L4xx_HAL_Driver\Src\stm32l4xx_hal_pwr_ex.o
 .debug_loc     0x00007e03     0x102f Drivers\STM32L4xx_HAL_Driver\Src\stm32l4xx_hal_qspi.o
 .debug_loc     0x00008e32      0x5ed Drivers\STM32L4xx_HAL_Driver\Src\stm32l4xx_hal_rcc.o
 .debug_loc     0x0000941f      0xdaf Drivers\STM32L4xx_HAL_Driver\Src\stm32l4xx_hal_rcc_ex.o
 .debug_loc     0x0000a1ce     0x1a4a Drivers\STM32L4xx_HAL_Driver\Src\stm32l4xx_hal_spi.o
 .debug_loc     0x0000bc18     0x198d Drivers\STM32L4xx_HAL_Driver\Src\stm32l4xx_hal_uart.o
 .debug_loc     0x0000d5a5     0x19ad Drivers\STM32L4xx_HAL_Driver\Src\stm32l4xx_ll_usb.o
 .debug_loc     0x0000ef52     0x1ccf Middlewares\ST\BlueNRG-MS\hci\controller\bluenrg_gap_aci.o
 .debug_loc     0x00010c21     0x2602 Middlewares\ST\BlueNRG-MS\hci\controller\bluenrg_gatt_aci.o
 .debug_loc     0x00013223      0x2cb Middlewares\ST\BlueNRG-MS\hci\controller\bluenrg_hal_aci.o
 .debug_loc     0x000134ee       0x3c Middlewares\ST\BlueNRG-MS\hci\controller\bluenrg_utils_small.o
 .debug_loc     0x0001352a      0x7bb Middlewares\ST\BlueNRG-MS\hci\hci_le.o
 .debug_loc     0x00013ce5      0x417 Middlewares\ST\BlueNRG-MS\hci\hci_tl_patterns\Basic\hci_tl.o
 .debug_loc     0x000140fc      0x110 Middlewares\ST\BlueNRG-MS\utils\ble_list.o
 .debug_loc     0x0001420c      0x1e6 Src\app_x-cube-ble1.o
 .debug_loc     0x000143f2      0x186 Src\b_l475e_iot01a1_bus.o
 .debug_loc     0x00014578      0x4e7 Src\gatt_db.o
 .debug_loc     0x00014a5f      0x16a Src\hci_tl_interface.o
 .debug_loc     0x00014bc9      0x113 Src\sensor.o
 .debug_loc     0x00014cdc      0x1a2 Src\stm32l4xx_hal_msp.o
 .debug_loc     0x00014e7e      0x3ef Src\syscalls.o
 .debug_loc     0x0001526d      0x1be Src\system_stm32l4xx.o

.debug_aranges  0x00000000     0x1a20
 .debug_aranges
                0x00000000       0xa8 Drivers\BSP\CUSTOM\b_l475e_iot01a1.o
 .debug_aranges
                0x000000a8      0x128 Drivers\STM32L4xx_HAL_Driver\Src\stm32l4xx_hal.o
 .debug_aranges
                0x000001d0       0xa8 Drivers\STM32L4xx_HAL_Driver\Src\stm32l4xx_hal_cortex.o
 .debug_aranges
                0x00000278      0x1f0 Drivers\STM32L4xx_HAL_Driver\Src\stm32l4xx_hal_dfsdm.o
 .debug_aranges
                0x00000468       0x60 Drivers\STM32L4xx_HAL_Driver\Src\stm32l4xx_hal_exti.o
 .debug_aranges
                0x000004c8       0x58 Drivers\STM32L4xx_HAL_Driver\Src\stm32l4xx_hal_gpio.o
 .debug_aranges
                0x00000520      0x238 Drivers\STM32L4xx_HAL_Driver\Src\stm32l4xx_hal_i2c.o
 .debug_aranges
                0x00000758       0x48 Drivers\STM32L4xx_HAL_Driver\Src\stm32l4xx_hal_i2c_ex.o
 .debug_aranges
                0x000007a0       0xc0 Drivers\STM32L4xx_HAL_Driver\Src\stm32l4xx_hal_pcd.o
 .debug_aranges
                0x00000860       0x58 Drivers\STM32L4xx_HAL_Driver\Src\stm32l4xx_hal_pcd_ex.o
 .debug_aranges
                0x000008b8       0x98 Drivers\STM32L4xx_HAL_Driver\Src\stm32l4xx_hal_pwr.o
 .debug_aranges
                0x00000950      0x130 Drivers\STM32L4xx_HAL_Driver\Src\stm32l4xx_hal_pwr_ex.o
 .debug_aranges
                0x00000a80      0x108 Drivers\STM32L4xx_HAL_Driver\Src\stm32l4xx_hal_qspi.o
 .debug_aranges
                0x00000b88       0x88 Drivers\STM32L4xx_HAL_Driver\Src\stm32l4xx_hal_rcc.o
 .debug_aranges
                0x00000c10       0xc0 Drivers\STM32L4xx_HAL_Driver\Src\stm32l4xx_hal_rcc_ex.o
 .debug_aranges
                0x00000cd0      0x198 Drivers\STM32L4xx_HAL_Driver\Src\stm32l4xx_hal_spi.o
 .debug_aranges
                0x00000e68      0x1a0 Drivers\STM32L4xx_HAL_Driver\Src\stm32l4xx_hal_uart.o
 .debug_aranges
                0x00001008      0x198 Drivers\STM32L4xx_HAL_Driver\Src\stm32l4xx_ll_usb.o
 .debug_aranges
                0x000011a0      0x168 Middlewares\ST\BlueNRG-MS\hci\controller\bluenrg_gap_aci.o
 .debug_aranges
                0x00001308      0x178 Middlewares\ST\BlueNRG-MS\hci\controller\bluenrg_gatt_aci.o
 .debug_aranges
                0x00001480       0x68 Middlewares\ST\BlueNRG-MS\hci\controller\bluenrg_hal_aci.o
 .debug_aranges
                0x000014e8       0x20 Middlewares\ST\BlueNRG-MS\hci\controller\bluenrg_utils_small.o
 .debug_aranges
                0x00001508      0x110 Middlewares\ST\BlueNRG-MS\hci\hci_le.o
 .debug_aranges
                0x00001618       0x48 Middlewares\ST\BlueNRG-MS\hci\hci_tl_patterns\Basic\hci_tl.o
 .debug_aranges
                0x00001660       0x78 Middlewares\ST\BlueNRG-MS\utils\ble_list.o
 .debug_aranges
                0x000016d8       0x30 Src\app_x-cube-ble1.o
 .debug_aranges
                0x00001708       0x50 Src\b_l475e_iot01a1_bus.o
 .debug_aranges
                0x00001758       0x48 Src\gatt_db.o
 .debug_aranges
                0x000017a0       0x50 Src\hci_tl_interface.o
 .debug_aranges
                0x000017f0       0x30 Src\main.o
 .debug_aranges
                0x00001820       0x38 Src\sensor.o
 .debug_aranges
                0x00001858       0x70 Src\stm32l4xx_hal_msp.o
 .debug_aranges
                0x000018c8       0x58 Src\stm32l4xx_it.o
 .debug_aranges
                0x00001920       0xb0 Src\syscalls.o
 .debug_aranges
                0x000019d0       0x28 Src\system_stm32l4xx.o
 .debug_aranges
                0x000019f8       0x28 startup\startup_stm32l475xx.o

.debug_ranges   0x00000000     0x1db0
 .debug_ranges  0x00000000       0xf8 Drivers\BSP\CUSTOM\b_l475e_iot01a1.o
 .debug_ranges  0x000000f8      0x118 Drivers\STM32L4xx_HAL_Driver\Src\stm32l4xx_hal.o
 .debug_ranges  0x00000210      0x128 Drivers\STM32L4xx_HAL_Driver\Src\stm32l4xx_hal_cortex.o
 .debug_ranges  0x00000338      0x248 Drivers\STM32L4xx_HAL_Driver\Src\stm32l4xx_hal_dfsdm.o
 .debug_ranges  0x00000580       0x50 Drivers\STM32L4xx_HAL_Driver\Src\stm32l4xx_hal_exti.o
 .debug_ranges  0x000005d0       0x68 Drivers\STM32L4xx_HAL_Driver\Src\stm32l4xx_hal_gpio.o
 .debug_ranges  0x00000638      0x270 Drivers\STM32L4xx_HAL_Driver\Src\stm32l4xx_hal_i2c.o
 .debug_ranges  0x000008a8       0x68 Drivers\STM32L4xx_HAL_Driver\Src\stm32l4xx_hal_i2c_ex.o
 .debug_ranges  0x00000910       0xe0 Drivers\STM32L4xx_HAL_Driver\Src\stm32l4xx_hal_pcd.o
 .debug_ranges  0x000009f0       0x48 Drivers\STM32L4xx_HAL_Driver\Src\stm32l4xx_hal_pcd_ex.o
 .debug_ranges  0x00000a38       0x88 Drivers\STM32L4xx_HAL_Driver\Src\stm32l4xx_hal_pwr.o
 .debug_ranges  0x00000ac0      0x120 Drivers\STM32L4xx_HAL_Driver\Src\stm32l4xx_hal_pwr_ex.o
 .debug_ranges  0x00000be0      0x110 Drivers\STM32L4xx_HAL_Driver\Src\stm32l4xx_hal_qspi.o
 .debug_ranges  0x00000cf0       0x90 Drivers\STM32L4xx_HAL_Driver\Src\stm32l4xx_hal_rcc.o
 .debug_ranges  0x00000d80       0xf0 Drivers\STM32L4xx_HAL_Driver\Src\stm32l4xx_hal_rcc_ex.o
 .debug_ranges  0x00000e70      0x248 Drivers\STM32L4xx_HAL_Driver\Src\stm32l4xx_hal_spi.o
 .debug_ranges  0x000010b8      0x190 Drivers\STM32L4xx_HAL_Driver\Src\stm32l4xx_hal_uart.o
 .debug_ranges  0x00001248      0x1a0 Drivers\STM32L4xx_HAL_Driver\Src\stm32l4xx_ll_usb.o
 .debug_ranges  0x000013e8      0x158 Middlewares\ST\BlueNRG-MS\hci\controller\bluenrg_gap_aci.o
 .debug_ranges  0x00001540      0x168 Middlewares\ST\BlueNRG-MS\hci\controller\bluenrg_gatt_aci.o
 .debug_ranges  0x000016a8       0x58 Middlewares\ST\BlueNRG-MS\hci\controller\bluenrg_hal_aci.o
 .debug_ranges  0x00001700       0x10 Middlewares\ST\BlueNRG-MS\hci\controller\bluenrg_utils_small.o
 .debug_ranges  0x00001710      0x100 Middlewares\ST\BlueNRG-MS\hci\hci_le.o
 .debug_ranges  0x00001810       0xb8 Middlewares\ST\BlueNRG-MS\hci\hci_tl_patterns\Basic\hci_tl.o
 .debug_ranges  0x000018c8       0x68 Middlewares\ST\BlueNRG-MS\utils\ble_list.o
 .debug_ranges  0x00001930       0xb0 Src\app_x-cube-ble1.o
 .debug_ranges  0x000019e0       0x58 Src\b_l475e_iot01a1_bus.o
 .debug_ranges  0x00001a38       0x38 Src\gatt_db.o
 .debug_ranges  0x00001a70       0x68 Src\hci_tl_interface.o
 .debug_ranges  0x00001ad8       0x88 Src\main.o
 .debug_ranges  0x00001b60       0x40 Src\sensor.o
 .debug_ranges  0x00001ba0       0xf0 Src\stm32l4xx_hal_msp.o
 .debug_ranges  0x00001c90       0x48 Src\stm32l4xx_it.o
 .debug_ranges  0x00001cd8       0xa0 Src\syscalls.o
 .debug_ranges  0x00001d78       0x18 Src\system_stm32l4xx.o
 .debug_ranges  0x00001d90       0x20 startup\startup_stm32l475xx.o

.debug_line     0x00000000     0xe578
 .debug_line    0x00000000      0x4b4 Drivers\BSP\CUSTOM\b_l475e_iot01a1.o
 .debug_line    0x000004b4      0x4bf Drivers\STM32L4xx_HAL_Driver\Src\stm32l4xx_hal.o
 .debug_line    0x00000973      0x499 Drivers\STM32L4xx_HAL_Driver\Src\stm32l4xx_hal_cortex.o
 .debug_line    0x00000e0c      0xafe Drivers\STM32L4xx_HAL_Driver\Src\stm32l4xx_hal_dfsdm.o
 .debug_line    0x0000190a      0x3a5 Drivers\STM32L4xx_HAL_Driver\Src\stm32l4xx_hal_exti.o
 .debug_line    0x00001caf      0x400 Drivers\STM32L4xx_HAL_Driver\Src\stm32l4xx_hal_gpio.o
 .debug_line    0x000020af     0x195b Drivers\STM32L4xx_HAL_Driver\Src\stm32l4xx_hal_i2c.o
 .debug_line    0x00003a0a      0x386 Drivers\STM32L4xx_HAL_Driver\Src\stm32l4xx_hal_i2c_ex.o
 .debug_line    0x00003d90      0x749 Drivers\STM32L4xx_HAL_Driver\Src\stm32l4xx_hal_pcd.o
 .debug_line    0x000044d9      0x336 Drivers\STM32L4xx_HAL_Driver\Src\stm32l4xx_hal_pcd_ex.o
 .debug_line    0x0000480f      0x397 Drivers\STM32L4xx_HAL_Driver\Src\stm32l4xx_hal_pwr.o
 .debug_line    0x00004ba6      0x5b6 Drivers\STM32L4xx_HAL_Driver\Src\stm32l4xx_hal_pwr_ex.o
 .debug_line    0x0000515c      0x880 Drivers\STM32L4xx_HAL_Driver\Src\stm32l4xx_hal_qspi.o
 .debug_line    0x000059dc      0x5f1 Drivers\STM32L4xx_HAL_Driver\Src\stm32l4xx_hal_rcc.o
 .debug_line    0x00005fcd      0x725 Drivers\STM32L4xx_HAL_Driver\Src\stm32l4xx_hal_rcc_ex.o
 .debug_line    0x000066f2      0xca1 Drivers\STM32L4xx_HAL_Driver\Src\stm32l4xx_hal_spi.o
 .debug_line    0x00007393      0xdf9 Drivers\STM32L4xx_HAL_Driver\Src\stm32l4xx_hal_uart.o
 .debug_line    0x0000818c      0x8f7 Drivers\STM32L4xx_HAL_Driver\Src\stm32l4xx_ll_usb.o
 .debug_line    0x00008a83      0xa7f Middlewares\ST\BlueNRG-MS\hci\controller\bluenrg_gap_aci.o
 .debug_line    0x00009502      0xb1d Middlewares\ST\BlueNRG-MS\hci\controller\bluenrg_gatt_aci.o
 .debug_line    0x0000a01f      0x530 Middlewares\ST\BlueNRG-MS\hci\controller\bluenrg_hal_aci.o
 .debug_line    0x0000a54f      0x39b Middlewares\ST\BlueNRG-MS\hci\controller\bluenrg_utils_small.o
 .debug_line    0x0000a8ea      0x841 Middlewares\ST\BlueNRG-MS\hci\hci_le.o
 .debug_line    0x0000b12b      0x510 Middlewares\ST\BlueNRG-MS\hci\hci_tl_patterns\Basic\hci_tl.o
 .debug_line    0x0000b63b      0x489 Middlewares\ST\BlueNRG-MS\utils\ble_list.o
 .debug_line    0x0000bac4      0x576 Src\app_x-cube-ble1.o
 .debug_line    0x0000c03a      0x3a1 Src\b_l475e_iot01a1_bus.o
 .debug_line    0x0000c3db      0x429 Src\gatt_db.o
 .debug_line    0x0000c804      0x486 Src\hci_tl_interface.o
 .debug_line    0x0000cc8a      0x576 Src\main.o
 .debug_line    0x0000d200      0x494 Src\sensor.o
 .debug_line    0x0000d694      0x4d1 Src\stm32l4xx_hal_msp.o
 .debug_line    0x0000db65      0x362 Src\stm32l4xx_it.o
 .debug_line    0x0000dec7      0x3bb Src\syscalls.o
 .debug_line    0x0000e282      0x278 Src\system_stm32l4xx.o
 .debug_line    0x0000e4fa       0x7e startup\startup_stm32l475xx.o

.debug_str      0x00000000     0xa284
 .debug_str     0x00000000     0x12f1 Drivers\BSP\CUSTOM\b_l475e_iot01a1.o
                               0x1412 (size before relaxing)
 .debug_str     0x000012f1      0x416 Drivers\STM32L4xx_HAL_Driver\Src\stm32l4xx_hal.o
                                0xe7a (size before relaxing)
 .debug_str     0x00001707      0x470 Drivers\STM32L4xx_HAL_Driver\Src\stm32l4xx_hal_cortex.o
                                0xe25 (size before relaxing)
 .debug_str     0x00001b77      0xdfa Drivers\STM32L4xx_HAL_Driver\Src\stm32l4xx_hal_dfsdm.o
                               0x1449 (size before relaxing)
 .debug_str     0x00002971      0x18b Drivers\STM32L4xx_HAL_Driver\Src\stm32l4xx_hal_exti.o
                                0x695 (size before relaxing)
 .debug_str     0x00002afc       0xb4 Drivers\STM32L4xx_HAL_Driver\Src\stm32l4xx_hal_gpio.o
                                0x773 (size before relaxing)
 .debug_str     0x00002bb0      0xad5 Drivers\STM32L4xx_HAL_Driver\Src\stm32l4xx_hal_i2c.o
                               0x1132 (size before relaxing)
 .debug_str     0x00003685       0xf3 Drivers\STM32L4xx_HAL_Driver\Src\stm32l4xx_hal_i2c_ex.o
                                0xae4 (size before relaxing)
 .debug_str     0x00003778      0xb3a Drivers\STM32L4xx_HAL_Driver\Src\stm32l4xx_hal_pcd.o
                                0xf7d (size before relaxing)
 .debug_str     0x000042b2      0x1af Drivers\STM32L4xx_HAL_Driver\Src\stm32l4xx_hal_pcd_ex.o
                                0x9cd (size before relaxing)
 .debug_str     0x00004461      0x2e9 Drivers\STM32L4xx_HAL_Driver\Src\stm32l4xx_hal_pwr.o
                                0x8cf (size before relaxing)
 .debug_str     0x0000474a      0x422 Drivers\STM32L4xx_HAL_Driver\Src\stm32l4xx_hal_pwr_ex.o
                                0x9f8 (size before relaxing)
 .debug_str     0x00004b6c      0x681 Drivers\STM32L4xx_HAL_Driver\Src\stm32l4xx_hal_qspi.o
                                0xd1b (size before relaxing)
 .debug_str     0x000051ed      0x38c Drivers\STM32L4xx_HAL_Driver\Src\stm32l4xx_hal_rcc.o
                                0xa5b (size before relaxing)
 .debug_str     0x00005579      0x562 Drivers\STM32L4xx_HAL_Driver\Src\stm32l4xx_hal_rcc_ex.o
                                0xce0 (size before relaxing)
 .debug_str     0x00005adb      0x531 Drivers\STM32L4xx_HAL_Driver\Src\stm32l4xx_hal_spi.o
                                0xd90 (size before relaxing)
 .debug_str     0x0000600c      0x6b5 Drivers\STM32L4xx_HAL_Driver\Src\stm32l4xx_hal_uart.o
                               0x10ae (size before relaxing)
 .debug_str     0x000066c1      0x42b Drivers\STM32L4xx_HAL_Driver\Src\stm32l4xx_ll_usb.o
                                0xeb0 (size before relaxing)
 .debug_str     0x00006aec     0x11fc Middlewares\ST\BlueNRG-MS\hci\controller\bluenrg_gap_aci.o
                               0x1e4b (size before relaxing)
 .debug_str     0x00007ce8      0xc7c Middlewares\ST\BlueNRG-MS\hci\controller\bluenrg_gatt_aci.o
                               0x1cb1 (size before relaxing)
 .debug_str     0x00008964      0x248 Middlewares\ST\BlueNRG-MS\hci\controller\bluenrg_hal_aci.o
                                0xf7f (size before relaxing)
 .debug_str     0x00008bac      0x1c3 Middlewares\ST\BlueNRG-MS\hci\controller\bluenrg_utils_small.o
                                0xd80 (size before relaxing)
 .debug_str     0x00008d6f      0x73a Middlewares\ST\BlueNRG-MS\hci\hci_le.o
                               0x17c5 (size before relaxing)
 .debug_str     0x000094a9      0x2cd Middlewares\ST\BlueNRG-MS\hci\hci_tl_patterns\Basic\hci_tl.o
                                0xfaf (size before relaxing)
 .debug_str     0x00009776       0xf3 Middlewares\ST\BlueNRG-MS\utils\ble_list.o
                                0x96e (size before relaxing)
 .debug_str     0x00009869      0x232 Src\app_x-cube-ble1.o
                               0x12c5 (size before relaxing)
 .debug_str     0x00009a9b       0xb8 Src\b_l475e_iot01a1_bus.o
                                0xc89 (size before relaxing)
 .debug_str     0x00009b53      0x13e Src\gatt_db.o
                                0xabf (size before relaxing)
 .debug_str     0x00009c91       0xda Src\hci_tl_interface.o
                               0x14e3 (size before relaxing)
 .debug_str     0x00009d6b       0xc6 Src\main.o
                               0x2028 (size before relaxing)
 .debug_str     0x00009e31      0x100 Src\sensor.o
                                0xf7e (size before relaxing)
 .debug_str     0x00009f31       0x1b Src\stm32l4xx_hal_msp.o
                               0x165b (size before relaxing)
 .debug_str     0x00009f4c       0xce Src\stm32l4xx_it.o
                                0xa65 (size before relaxing)
 .debug_str     0x0000a01a      0x22f Src\syscalls.o
                                0x86c (size before relaxing)
 .debug_str     0x0000a249       0x3b Src\system_stm32l4xx.o
                                0x5c1 (size before relaxing)

.comment        0x00000000       0x7c
 .comment       0x00000000       0x7c Drivers\BSP\CUSTOM\b_l475e_iot01a1.o
                                 0x7d (size before relaxing)
 .comment       0x0000007c       0x7d Drivers\STM32L4xx_HAL_Driver\Src\stm32l4xx_hal.o
 .comment       0x0000007c       0x7d Drivers\STM32L4xx_HAL_Driver\Src\stm32l4xx_hal_cortex.o
 .comment       0x0000007c       0x7d Drivers\STM32L4xx_HAL_Driver\Src\stm32l4xx_hal_dfsdm.o
 .comment       0x0000007c       0x7d Drivers\STM32L4xx_HAL_Driver\Src\stm32l4xx_hal_exti.o
 .comment       0x0000007c       0x7d Drivers\STM32L4xx_HAL_Driver\Src\stm32l4xx_hal_gpio.o
 .comment       0x0000007c       0x7d Drivers\STM32L4xx_HAL_Driver\Src\stm32l4xx_hal_i2c.o
 .comment       0x0000007c       0x7d Drivers\STM32L4xx_HAL_Driver\Src\stm32l4xx_hal_i2c_ex.o
 .comment       0x0000007c       0x7d Drivers\STM32L4xx_HAL_Driver\Src\stm32l4xx_hal_pcd.o
 .comment       0x0000007c       0x7d Drivers\STM32L4xx_HAL_Driver\Src\stm32l4xx_hal_pcd_ex.o
 .comment       0x0000007c       0x7d Drivers\STM32L4xx_HAL_Driver\Src\stm32l4xx_hal_pwr.o
 .comment       0x0000007c       0x7d Drivers\STM32L4xx_HAL_Driver\Src\stm32l4xx_hal_pwr_ex.o
 .comment       0x0000007c       0x7d Drivers\STM32L4xx_HAL_Driver\Src\stm32l4xx_hal_qspi.o
 .comment       0x0000007c       0x7d Drivers\STM32L4xx_HAL_Driver\Src\stm32l4xx_hal_rcc.o
 .comment       0x0000007c       0x7d Drivers\STM32L4xx_HAL_Driver\Src\stm32l4xx_hal_rcc_ex.o
 .comment       0x0000007c       0x7d Drivers\STM32L4xx_HAL_Driver\Src\stm32l4xx_hal_spi.o
 .comment       0x0000007c       0x7d Drivers\STM32L4xx_HAL_Driver\Src\stm32l4xx_hal_uart.o
 .comment       0x0000007c       0x7d Drivers\STM32L4xx_HAL_Driver\Src\stm32l4xx_ll_usb.o
 .comment       0x0000007c       0x7d Middlewares\ST\BlueNRG-MS\hci\controller\bluenrg_gap_aci.o
 .comment       0x0000007c       0x7d Middlewares\ST\BlueNRG-MS\hci\controller\bluenrg_gatt_aci.o
 .comment       0x0000007c       0x7d Middlewares\ST\BlueNRG-MS\hci\controller\bluenrg_hal_aci.o
 .comment       0x0000007c       0x7d Middlewares\ST\BlueNRG-MS\hci\controller\bluenrg_utils_small.o
 .comment       0x0000007c       0x7d Middlewares\ST\BlueNRG-MS\hci\hci_le.o
 .comment       0x0000007c       0x7d Middlewares\ST\BlueNRG-MS\hci\hci_tl_patterns\Basic\hci_tl.o
 .comment       0x0000007c       0x7d Middlewares\ST\BlueNRG-MS\utils\ble_list.o
 .comment       0x0000007c       0x7d Src\app_x-cube-ble1.o
 .comment       0x0000007c       0x7d Src\b_l475e_iot01a1_bus.o
 .comment       0x0000007c       0x7d Src\gatt_db.o
 .comment       0x0000007c       0x7d Src\hci_tl_interface.o
 .comment       0x0000007c       0x7d Src\main.o
 .comment       0x0000007c       0x7d Src\sensor.o
 .comment       0x0000007c       0x7d Src\stm32l4xx_hal_msp.o
 .comment       0x0000007c       0x7d Src\stm32l4xx_it.o
 .comment       0x0000007c       0x7d Src\syscalls.o
 .comment       0x0000007c       0x7d Src\system_stm32l4xx.o

.debug_frame    0x00000000     0x5298
 .debug_frame   0x00000000      0x1c0 Drivers\BSP\CUSTOM\b_l475e_iot01a1.o
 .debug_frame   0x000001c0      0x280 Drivers\STM32L4xx_HAL_Driver\Src\stm32l4xx_hal.o
 .debug_frame   0x00000440      0x158 Drivers\STM32L4xx_HAL_Driver\Src\stm32l4xx_hal_cortex.o
 .debug_frame   0x00000598      0x5f0 Drivers\STM32L4xx_HAL_Driver\Src\stm32l4xx_hal_dfsdm.o
 .debug_frame   0x00000b88       0xe0 Drivers\STM32L4xx_HAL_Driver\Src\stm32l4xx_hal_exti.o
 .debug_frame   0x00000c68       0xd8 Drivers\STM32L4xx_HAL_Driver\Src\stm32l4xx_hal_gpio.o
 .debug_frame   0x00000d40      0x8dc Drivers\STM32L4xx_HAL_Driver\Src\stm32l4xx_hal_i2c.o
 .debug_frame   0x0000161c       0x90 Drivers\STM32L4xx_HAL_Driver\Src\stm32l4xx_hal_i2c_ex.o
 .debug_frame   0x000016ac      0x2c8 Drivers\STM32L4xx_HAL_Driver\Src\stm32l4xx_hal_pcd.o
 .debug_frame   0x00001974       0xb8 Drivers\STM32L4xx_HAL_Driver\Src\stm32l4xx_hal_pcd_ex.o
 .debug_frame   0x00001a2c      0x118 Drivers\STM32L4xx_HAL_Driver\Src\stm32l4xx_hal_pwr.o
 .debug_frame   0x00001b44      0x278 Drivers\STM32L4xx_HAL_Driver\Src\stm32l4xx_hal_pwr_ex.o
 .debug_frame   0x00001dbc      0x3f0 Drivers\STM32L4xx_HAL_Driver\Src\stm32l4xx_hal_qspi.o
 .debug_frame   0x000021ac      0x160 Drivers\STM32L4xx_HAL_Driver\Src\stm32l4xx_hal_rcc.o
 .debug_frame   0x0000230c      0x200 Drivers\STM32L4xx_HAL_Driver\Src\stm32l4xx_hal_rcc_ex.o
 .debug_frame   0x0000250c      0x5b0 Drivers\STM32L4xx_HAL_Driver\Src\stm32l4xx_hal_spi.o
 .debug_frame   0x00002abc      0x558 Drivers\STM32L4xx_HAL_Driver\Src\stm32l4xx_hal_uart.o
 .debug_frame   0x00003014      0x448 Drivers\STM32L4xx_HAL_Driver\Src\stm32l4xx_ll_usb.o
 .debug_frame   0x0000345c      0x534 Middlewares\ST\BlueNRG-MS\hci\controller\bluenrg_gap_aci.o
 .debug_frame   0x00003990      0x598 Middlewares\ST\BlueNRG-MS\hci\controller\bluenrg_gatt_aci.o
 .debug_frame   0x00003f28      0x154 Middlewares\ST\BlueNRG-MS\hci\controller\bluenrg_hal_aci.o
 .debug_frame   0x0000407c       0x30 Middlewares\ST\BlueNRG-MS\hci\controller\bluenrg_utils_small.o
 .debug_frame   0x000040ac      0x42c Middlewares\ST\BlueNRG-MS\hci\hci_le.o
 .debug_frame   0x000044d8       0xd8 Middlewares\ST\BlueNRG-MS\hci\hci_tl_patterns\Basic\hci_tl.o
 .debug_frame   0x000045b0       0xe8 Middlewares\ST\BlueNRG-MS\utils\ble_list.o
 .debug_frame   0x00004698       0x7c Src\app_x-cube-ble1.o
 .debug_frame   0x00004714       0xb8 Src\b_l475e_iot01a1_bus.o
 .debug_frame   0x000047cc       0xf8 Src\gatt_db.o
 .debug_frame   0x000048c4       0xec Src\hci_tl_interface.o
 .debug_frame   0x000049b0       0x64 Src\main.o
 .debug_frame   0x00004a14       0x64 Src\sensor.o
 .debug_frame   0x00004a78      0x128 Src\stm32l4xx_hal_msp.o
 .debug_frame   0x00004ba0       0xd8 Src\stm32l4xx_it.o
 .debug_frame   0x00004c78      0x1a8 Src\syscalls.o
 .debug_frame   0x00004e20       0x38 Src\system_stm32l4xx.o
 .debug_frame   0x00004e58       0x20 c:/program files (x86)/atollic/truestudio for stm32 9.3.0/armtools/bin/../lib/gcc/arm-atollic-eabi/6.3.1/../../../../arm-atollic-eabi/lib/armv7e-m/fpu\libc.a(lib_a-errno.o)
 .debug_frame   0x00004e78       0x2c c:/program files (x86)/atollic/truestudio for stm32 9.3.0/armtools/bin/../lib/gcc/arm-atollic-eabi/6.3.1/../../../../arm-atollic-eabi/lib/armv7e-m/fpu\libc.a(lib_a-init.o)
 .debug_frame   0x00004ea4       0x28 c:/program files (x86)/atollic/truestudio for stm32 9.3.0/armtools/bin/../lib/gcc/arm-atollic-eabi/6.3.1/../../../../arm-atollic-eabi/lib/armv7e-m/fpu\libc.a(lib_a-memcpy-stub.o)
 .debug_frame   0x00004ecc       0x20 c:/program files (x86)/atollic/truestudio for stm32 9.3.0/armtools/bin/../lib/gcc/arm-atollic-eabi/6.3.1/../../../../arm-atollic-eabi/lib/armv7e-m/fpu\libc.a(lib_a-memset.o)
 .debug_frame   0x00004eec       0x44 c:/program files (x86)/atollic/truestudio for stm32 9.3.0/armtools/bin/../lib/gcc/arm-atollic-eabi/6.3.1/../../../../arm-atollic-eabi/lib/armv7e-m/fpu\libc.a(lib_a-rand.o)
 .debug_frame   0x00004f30       0x30 c:/program files (x86)/atollic/truestudio for stm32 9.3.0/armtools/bin/../lib/gcc/arm-atollic-eabi/6.3.1/../../../../arm-atollic-eabi/lib/armv7e-m/fpu\libc.a(lib_a-malloc.o)